Archive member included to satisfy reference by file (symbol)

app/libapp.a(main.c.obj)      (--whole-archive)
app/libapp.a(pid.c.obj)       (--whole-archive)
app/libapp.a(foc.c.obj)       (--whole-archive)
app/libapp.a(motor.c.obj)     (--whole-archive)
app/libapp.a(cmd.c.obj)       (--whole-archive)
app/libapp.a(sim.c.obj)       (--whole-archive)
zephyr/libzephyr.a(validate_libc.c.obj)
                              (--whole-archive)
zephyr/libzephyr.a(heap.c.obj)
                              (--whole-archive)
zephyr/libzephyr.a(boot_banner.c.obj)
                              (--whole-archive)
zephyr/libzephyr.a(cbprintf_packaged.c.obj)
                              (--whole-archive)
zephyr/libzephyr.a(clock.c.obj)
                              (--whole-archive)
zephyr/libzephyr.a(printk.c.obj)
                              (--whole-archive)
zephyr/libzephyr.a(cbprintf_complete.c.obj)
                              (--whole-archive)
zephyr/libzephyr.a(assert.c.obj)
                              (--whole-archive)
zephyr/libzephyr.a(mpsc_pbuf.c.obj)
                              (--whole-archive)
zephyr/libzephyr.a(dec.c.obj)
                              (--whole-archive)
zephyr/libzephyr.a(hex.c.obj)
                              (--whole-archive)
zephyr/libzephyr.a(rb.c.obj)  (--whole-archive)
zephyr/libzephyr.a(set.c.obj)
                              (--whole-archive)
zephyr/libzephyr.a(timeutil.c.obj)
                              (--whole-archive)
zephyr/libzephyr.a(bitarray.c.obj)
                              (--whole-archive)
zephyr/libzephyr.a(bitmask.c.obj)
                              (--whole-archive)
zephyr/libzephyr.a(getopt.c.obj)
                              (--whole-archive)
zephyr/libzephyr.a(getopt_common.c.obj)
                              (--whole-archive)
zephyr/libzephyr.a(ring_buffer.c.obj)
                              (--whole-archive)
zephyr/libzephyr.a(last_section_id.c.obj)
                              (--whole-archive)
zephyr/libzephyr.a(configs.c.obj)
                              (--whole-archive)
zephyr/libzephyr.a(stm32cube_hal.c.obj)
                              (--whole-archive)
zephyr/libzephyr.a(soc_config.c.obj)
                              (--whole-archive)
zephyr/libzephyr.a(gpioport_mgr.c.obj)
                              (--whole-archive)
zephyr/libzephyr.a(stm32_cache.c.obj)
                              (--whole-archive)
zephyr/libzephyr.a(stm32_backup_domain.c.obj)
                              (--whole-archive)
zephyr/libzephyr.a(soc.c.obj)
                              (--whole-archive)
zephyr/libzephyr.a(log_core.c.obj)
                              (--whole-archive)
zephyr/libzephyr.a(log_mgmt.c.obj)
                              (--whole-archive)
zephyr/libzephyr.a(log_cache.c.obj)
                              (--whole-archive)
zephyr/libzephyr.a(log_msg.c.obj)
                              (--whole-archive)
zephyr/libzephyr.a(log_output.c.obj)
                              (--whole-archive)
zephyr/libzephyr.a(mem_attr.c.obj)
                              (--whole-archive)
zephyr/libzephyr.a(tracing_none.c.obj)
                              (--whole-archive)
zephyr/libzephyr.a(addr_utils.c.obj)
                              (--whole-archive)
zephyr/libzephyr.a(kernel_shell.c.obj)
                              (--whole-archive)
zephyr/libzephyr.a(cycles.c.obj)
                              (--whole-archive)
zephyr/libzephyr.a(sleep.c.obj)
                              (--whole-archive)
zephyr/libzephyr.a(uptime.c.obj)
                              (--whole-archive)
zephyr/libzephyr.a(version.c.obj)
                              (--whole-archive)
zephyr/libzephyr.a(log-level.c.obj)
                              (--whole-archive)
zephyr/libzephyr.a(thread.c.obj)
                              (--whole-archive)
zephyr/libzephyr.a(list.c.obj)
                              (--whole-archive)
zephyr/libzephyr.a(stacks.c.obj)
                              (--whole-archive)
zephyr/libzephyr.a(suspend.c.obj)
                              (--whole-archive)
zephyr/libzephyr.a(resume.c.obj)
                              (--whole-archive)
zephyr/libzephyr.a(kill.c.obj)
                              (--whole-archive)
zephyr/libzephyr.a(device_service.c.obj)
                              (--whole-archive)
zephyr/libzephyr.a(date_service.c.obj)
                              (--whole-archive)
zephyr/libzephyr.a(devmem_service.c.obj)
                              (--whole-archive)
zephyr/libzephyr.a(shell_uart.c.obj)
                              (--whole-archive)
zephyr/libzephyr.a(shell.c.obj)
                              (--whole-archive)
zephyr/libzephyr.a(shell_fprintf.c.obj)
                              (--whole-archive)
zephyr/libzephyr.a(shell_utils.c.obj)
                              (--whole-archive)
zephyr/libzephyr.a(shell_ops.c.obj)
                              (--whole-archive)
zephyr/libzephyr.a(shell_log_backend.c.obj)
[...]
Memory Configuration

Name             Origin             Length             Attributes
FLASH            0x08000000         0x00200000         xr
RAM              0x20020000         0x00060000         xw
QSPI_PLACEHOLDER 0x90000000         0x10000000         rw
SRAM0            0x20020000         0x00060000         rw
DTCM             0x20000000         0x00020000         rw
SDRAM1           0xc0000000         0x01000000         rw
QSPI_AVAIL       0x90000000         0x04000000         rw
IDT_LIST         0xffff7fff         0x00008000         xw
*default*        0x00000000         0xffffffff

Linker script and memory map

                0x0801419c                        vfprintf = __d_vfprintf
                0x08000878                        vfscanf = __d_vfscanf
LOAD zephyr/CMakeFiles/zephyr_pre0.dir/misc/empty_file.c.obj
LOAD zephyr/CMakeFiles/offsets.dir/./arch/arm/core/offsets/offsets.c.obj
LOAD app/libapp.a
LOAD zephyr/libzephyr.a
LOAD zephyr/arch/common/libarch__common.a
LOAD zephyr/arch/arch/arm/core/libarch__arm__core.a
LOAD zephyr/arch/arch/arm/core/cortex_m/libarch__arm__core__cortex_m.a
LOAD zephyr/arch/arch/arm/core/mpu/libarch__arm__core__mpu.a
LOAD zephyr/lib/libc/picolibc/liblib__libc__picolibc.a
LOAD zephyr/lib/libc/common/liblib__libc__common.a
LOAD zephyr/lib/net_buf/liblib__net_buf.a
LOAD zephyr/lib/os/zvfs/liblib__os__zvfs.a
LOAD zephyr/subsys/portability/posix/c_lib_ext/libsubsys__portability__posix__c_lib_ext.a
LOAD zephyr/subsys/random/libsubsys__random.a
LOAD zephyr/subsys/crc/libsubsys__crc.a
LOAD zephyr/subsys/net/libsubsys__net.a
LOAD zephyr/subsys/net/l2/ethernet/libsubsys__net__l2__ethernet.a
LOAD zephyr/subsys/net/ip/libsubsys__net__ip.a
LOAD zephyr/subsys/net/lib/config/libsubsys__net__lib__config.a
LOAD zephyr/drivers/interrupt_controller/libdrivers__interrupt_controller.a
LOAD zephyr/drivers/adc/libdrivers__adc.a
LOAD zephyr/drivers/clock_control/libdrivers__clock_control.a
LOAD zephyr/drivers/console/libdrivers__console.a
LOAD zephyr/drivers/entropy/libdrivers__entropy.a
LOAD zephyr/drivers/ethernet/libdrivers__ethernet.a
LOAD zephyr/drivers/gpio/libdrivers__gpio.a
LOAD zephyr/drivers/hwinfo/libdrivers__hwinfo.a
LOAD zephyr/drivers/pinctrl/libdrivers__pinctrl.a
LOAD zephyr/drivers/pwm/libdrivers__pwm.a
LOAD zephyr/drivers/reset/libdrivers__reset.a
LOAD zephyr/drivers/serial/libdrivers__serial.a
LOAD zephyr/drivers/timer/libdrivers__timer.a
LOAD modules/hal_stm32/stm32cube/lib..__modules__hal__stm32__stm32cube.a
LOAD zephyr/kernel/libkernel.a
LOAD zephyr/arch/common/libisr_tables.a
LOAD /home/flo/zephyr-sdk-1.0.1/gnu/arm-zephyr-eabi/bin/../lib/gcc/arm-zephyr-eabi/14.3.0/../../../../arm-zephyr-eabi/lib/thumb/v7e-m+dp/hard/space/libc.a
LOAD /home/flo/zephyr-sdk-1.0.1/gnu/arm-zephyr-eabi/bin/../lib/gcc/arm-zephyr-eabi/14.3.0/thumb/v7e-m+dp/hard/space/libgcc.a
                0x00000080                        _region_min_align = 0x80

.rel.plt        0x08000000        0x0
 *(SORT_BY_ALIGNMENT(.rel.plt))
                [!provide]                        PROVIDE (__rel_iplt_start = .)
 *(SORT_BY_ALIGNMENT(.rel.iplt))
 .rel.iplt      0x08000000        0x0 app/libapp.a(main.c.obj)
                [!provide]                        PROVIDE (__rel_iplt_end = .)

.rela.plt       0x00000000        0x0
 *(SORT_BY_ALIGNMENT(.rela.plt))
                [!provide]                        PROVIDE (__rela_iplt_start = .)
 *(SORT_BY_ALIGNMENT(.rela.iplt))
                [!provide]                        PROVIDE (__rela_iplt_end = .)

.rel.dyn
 *(SORT_BY_ALIGNMENT(.rel.*))

.rela.dyn
 *(SORT_BY_ALIGNMENT(.rela.*))

/DISCARD/
 *(SORT_BY_ALIGNMENT(.plt))

/DISCARD/
 *(SORT_BY_ALIGNMENT(.iplt))
                0x08000000                        __rom_region_start = 0x8000000

rom_start       0x08000000      0x1f4
                0x08000000                        __rom_start_address = .
 FILL mask 0x00
                0x08000000                        . = (. + (0x0 - (. - __rom_start_address)))
                0x08000000                        . = ALIGN (0x4)
                0x08000000                        . = ALIGN (0x80)
                0x08000000                        . = ALIGN (0x200)
                0x08000000                        _vector_start = .
 *(SORT_BY_ALIGNMENT(.exc_vector_table))
 *(SORT_BY_ALIGNMENT(.exc_vector_table.*))
 .exc_vector_table._vector_table_section
                0x08000000       0x40 zephyr/arch/arch/arm/core/cortex_m/libarch__arm__core__cortex_m.a(vector_table.S.obj)
                0x08000000                _vector_table
 *(SORT_BY_ALIGNMENT(.vectors))
                0x080001f4                        _vector_end = .
                0x08000040                        . = ALIGN (0x4)
 *(SORT_BY_ALIGNMENT(.gnu.linkonce.irq_vector_table*))
 .gnu.linkonce.irq_vector_table
                0x08000040      0x1b4 zephyr/arch/common/libisr_tables.a(isr_tables.c.obj)
                0x08000040                _irq_vector_table
                0x080001f4                        _vector_end = .

text            0x080001f8    0x206ec
                0x080001f8                        __text_region_start = .
 *(SORT_BY_ALIGNMENT(.text))
 .text          0x080001f8       0xa0 /home/flo/zephyr-sdk-1.0.1/gnu/arm-zephyr-eabi/bin/../lib/gcc/arm-zephyr-eabi/14.3.0/thumb/v7e-m+dp/hard/space/libgcc.a(_aeabi_ldivmod.o)
                0x080001f8                __aeabi_ldivmod
 .text          0x08000298       0x30 /home/flo/zephyr-sdk-1.0.1/gnu/arm-zephyr-eabi/bin/../lib/gcc/arm-zephyr-eabi/14.3.0/thumb/v7e-m+dp/hard/space/libgcc.a(_aeabi_uldivmod.o)
                0x08000298                __aeabi_uldivmod
 .text          0x080002c8        0x4 /home/flo/zephyr-sdk-1.0.1/gnu/arm-zephyr-eabi/bin/../lib/gcc/arm-zephyr-eabi/14.3.0/thumb/v7e-m+dp/hard/space/libgcc.a(_dvmd_tls.o)
                0x080002c8                __aeabi_ldiv0
                0x080002c8                __aeabi_idiv0
 .text          0x080002cc       0x14 /home/flo/zephyr-sdk-1.0.1/gnu/arm-zephyr-eabi/bin/../lib/gcc/arm-zephyr-eabi/14.3.0/../../../../arm-zephyr-eabi/lib/thumb/v7e-m+dp/hard/space/libc.a(strcmp.S.o)
                0x080002cc                strcmp
 .text          0x080002e0       0x10 /home/flo/zephyr-sdk-1.0.1/gnu/arm-zephyr-eabi/bin/../lib/gcc/arm-zephyr-eabi/14.3.0/../../../../arm-zephyr-eabi/lib/thumb/v7e-m+dp/hard/space/libc.a(strcpy.S.o)
                0x080002e0                strcpy
 .text          0x080002f0       0x10 /home/flo/zephyr-sdk-1.0.1/gnu/arm-zephyr-eabi/bin/../lib/gcc/arm-zephyr-eabi/14.3.0/../../../../arm-zephyr-eabi/lib/thumb/v7e-m+dp/hard/space/libc.a(strlen.S.o)
                0x080002f0                strlen
 .text          0x08000300       0x26 /home/flo/zephyr-sdk-1.0.1/gnu/arm-zephyr-eabi/bin/../lib/gcc/arm-zephyr-eabi/14.3.0/thumb/v7e-m+dp/hard/space/libgcc.a(_popcountsi2.o)
                0x08000300                __popcountsi2
 .text          0x08000326      0x2bc /home/flo/zephyr-sdk-1.0.1/gnu/arm-zephyr-eabi/bin/../lib/gcc/arm-zephyr-eabi/14.3.0/thumb/v7e-m+dp/hard/space/libgcc.a(_udivmoddi4.o)
                0x08000326                __udivmoddi4
 *(SORT_BY_ALIGNMENT(.text.*))
 *fill*         0x080005e2        0x6 
 .text.pwm_set.constprop.0.isra.0
                0x080005e8       0x94 app/libapp.a(motor.c.obj)
 *fill*         0x0800067c        0x4 
 .text.cmd_kernel_uptime
                0x08000680       0xe8 zephyr/libzephyr.a(uptime.c.obj)
 .text.z_setup_new_thread
                0x08000768      0x10c zephyr/kernel/libkernel.a(thread.c.obj)
                0x08000768                z_setup_new_thread
 *fill*         0x08000874        0x4 
 .text.vfscanf  0x08000878      0x844 /home/flo/zephyr-sdk-1.0.1/gnu/arm-zephyr-eabi/bin/../lib/gcc/arm-zephyr-eabi/14.3.0/../../../../arm-zephyr-eabi/lib/thumb/v7e-m+dp/hard/space/libc.a(libc_tinystdio_vfscanf.c.o)
                0x08000878                __d_vfscanf
 *fill*         0x080010bc        0x4 
 .text.__atod_engine
                0x080010c0      0x1c8 /home/flo/zephyr-sdk-1.0.1/gnu/arm-zephyr-eabi/bin/../lib/gcc/arm-zephyr-eabi/14.3.0/../../../../arm-zephyr-eabi/lib/thumb/v7e-m+dp/hard/space/libc.a(libc_tinystdio_atod_ryu.c.o)
                0x080010c0                __atod_engine
 .text.foc_timer_cb
                0x08001288        0xc app/libapp.a(main.c.obj)
 .text.foc_thread_fn
                0x08001294       0xb0 app/libapp.a(main.c.obj)
 .text.main     0x08001344      0x130 app/libapp.a(main.c.obj)
                0x08001344                main
 .text.foc_svpwm
                0x08001474      0x12c app/libapp.a(foc.c.obj)
                0x08001474                foc_svpwm
 .text.foc_init
                0x080015a0       0x88 app/libapp.a(foc.c.obj)
                0x080015a0                foc_init
 .text.foc_step
                0x08001628      0x274 app/libapp.a(foc.c.obj)
                0x08001628                foc_step
 .text.foc_enable
                0x0800189c       0x40 app/libapp.a(foc.c.obj)
                0x0800189c                foc_enable
 .text.foc_set_speed_ref
                0x080018dc       0x38 app/libapp.a(foc.c.obj)
                0x080018dc                foc_set_speed_ref
 .text.foc_tune_current_pid
                0x08001914       0x54 app/libapp.a(foc.c.obj)
                0x08001914                foc_tune_current_pid
 .text.foc_state_str
                0x08001968       0x18 app/libapp.a(foc.c.obj)
                0x08001968                foc_state_str
 .text.motor_init
                0x08001980       0xe0 app/libapp.a(motor.c.obj)
                0x08001980                motor_init
 .text.motor_enable
                0x08001a60       0x20 app/libapp.a(motor.c.obj)
                0x08001a60                motor_enable
 .text.motor_is_enabled
                0x08001a80       0x2c app/libapp.a(motor.c.obj)
                0x08001a80                motor_is_enabled
 .text.motor_read_currents
                0x08001aac       0x14 app/libapp.a(motor.c.obj)
                0x08001aac                motor_read_currents
 .text.motor_calibrate_currents
                0x08001ac0       0x24 app/libapp.a(motor.c.obj)
                0x08001ac0                motor_calibrate_currents
 .text.motor_read_encoder
                0x08001ae4       0x1c app/libapp.a(motor.c.obj)
                0x08001ae4                motor_read_encoder
 .text.motor_set_pwm
                0x08001b00       0x68 app/libapp.a(motor.c.obj)
                0x08001b00                motor_set_pwm
 .text.motor_sim_update
                0x08001b68       0x28 app/libapp.a(motor.c.obj)
                0x08001b68                motor_sim_update
 .text.motor_sim_set_load
                0x08001b90        0xc app/libapp.a(motor.c.obj)
                0x08001b90                motor_sim_set_load
 .text.motor_sim_get_ctx
                0x08001b9c        0x8 app/libapp.a(motor.c.obj)
                0x08001b9c                motor_sim_get_ctx
 .text.dispatch.constprop.0
                0x08001ba4      0x384 app/libapp.a(cmd.c.obj)
 .text.sh_sim_info
                0x08001f28       0x28 app/libapp.a(cmd.c.obj)
 .text.sh_sim_load
                0x08001f50       0x4c app/libapp.a(cmd.c.obj)
 .text.sh_set_pid_speed
                0x08001f9c       0x50 app/libapp.a(cmd.c.obj)
 .text.sh_set_pid_current
                0x08001fec       0x50 app/libapp.a(cmd.c.obj)
 .text.sh_calibrate
                0x0800203c       0x28 app/libapp.a(cmd.c.obj)
 .text.sh_status
                0x08002064       0x28 app/libapp.a(cmd.c.obj)
 .text.sh_set_torque
                0x0800208c       0x4c app/libapp.a(cmd.c.obj)
 .text.sh_set_speed
                0x080020d8       0x4c app/libapp.a(cmd.c.obj)
 .text.sh_disable
                0x08002124       0x28 app/libapp.a(cmd.c.obj)
 .text.sh_enable
                0x0800214c       0x28 app/libapp.a(cmd.c.obj)
 .text.udp_server_run
                0x08002174      0x100 app/libapp.a(cmd.c.obj)
                0x08002174                udp_server_run
 .text.sim_init
                0x08002274       0x38 app/libapp.a(sim.c.obj)
                0x08002274                sim_init
 .text.sim_step
                0x080022ac       0xc8 app/libapp.a(sim.c.obj)
                0x080022ac                sim_step
 .text.sim_get_currents
                0x08002374       0x68 app/libapp.a(sim.c.obj)
                0x08002374                sim_get_currents
 .text.sim_get_speed_rpm
                0x080023dc       0x14 app/libapp.a(sim.c.obj)
                0x080023dc                sim_get_speed_rpm
 .text.sys_heap_free
                0x080023f0      0x128 zephyr/libzephyr.a(heap.c.obj)
                0x080023f0                sys_heap_free
 .text.boot_banner
                0x08002518       0x10 zephyr/libzephyr.a(boot_banner.c.obj)
 .text.linker_is_in_rodata
                0x08002528       0x54 zephyr/libzephyr.a(cbprintf_packaged.c.obj)
 .text.cbprintf_package_convert
                0x0800257c      0x3d8 zephyr/libzephyr.a(cbprintf_packaged.c.obj)
                0x0800257c                cbprintf_package_convert
 .text.z_impl_sys_clock_getrtoffset
                0x08002954       0x28 zephyr/libzephyr.a(clock.c.obj)
                0x08002954                z_impl_sys_clock_getrtoffset
 .text.sys_clock_gettime
                0x0800297c       0x6c zephyr/libzephyr.a(clock.c.obj)
                0x0800297c                sys_clock_gettime
 .text.z_impl_sys_clock_settime
                0x080029e8       0x74 zephyr/libzephyr.a(clock.c.obj)
                0x080029e8                z_impl_sys_clock_settime
 .text.__printk_hook_install
                0x08002a5c        0xc zephyr/libzephyr.a(printk.c.obj)
                0x08002a5c                __printk_hook_install
 .text.timeutil_timegm64
                0x08002a68       0xec zephyr/libzephyr.a(timeutil.c.obj)
                0x08002a68                timeutil_timegm64
 .text.timeutil_timegm
                0x08002b54       0x20 zephyr/libzephyr.a(timeutil.c.obj)
                0x08002b54                timeutil_timegm
 .text.timespec_normalize
                0x08002b74       0x8c zephyr/libzephyr.a(timeutil.c.obj)
                0x08002b74                timespec_normalize
 .text.sys_getopt_init
                0x08002c00       0x48 zephyr/libzephyr.a(getopt.c.obj)
                0x08002c00                sys_getopt_init
 .text.sys_getopt
                0x08002c48       0xf4 zephyr/libzephyr.a(getopt.c.obj)
                0x08002c48                sys_getopt
 .text.z_getopt_global_state_update
                0x08002d3c       0x38 zephyr/libzephyr.a(getopt_common.c.obj)
                0x08002d3c                z_getopt_global_state_update
 .text.sys_getopt_state_get
                0x08002d74        0x8 zephyr/libzephyr.a(getopt_common.c.obj)
                0x08002d74                sys_getopt_state_get
 .text.st_stm32_common_config
                0x08002d7c       0x14 zephyr/libzephyr.a(soc_config.c.obj)
 .text.stm32_gpioport_init
                0x08002d90       0x20 zephyr/libzephyr.a(gpioport_mgr.c.obj)
 .text.stm32_gpioport_get
                0x08002db0       0x24 zephyr/libzephyr.a(gpioport_mgr.c.obj)
                0x08002db0                stm32_gpioport_get
 .text.soc_early_init_hook
                0x08002dd4       0x28 zephyr/libzephyr.a(soc.c.obj)
                0x08002dd4                soc_early_init_hook
 .text.activate_foreach_backend
                0x08002dfc       0x60 zephyr/libzephyr.a(log_core.c.obj)
 .text.enable_logger
                0x08002e5c       0x58 zephyr/libzephyr.a(log_core.c.obj)
 .text.log_process_thread_timer_expiry_fn
                0x08002eb4        0xc zephyr/libzephyr.a(log_core.c.obj)
 .text.z_log_init
                0x08002ec0       0x94 zephyr/libzephyr.a(log_core.c.obj)
 .text.log_set_timestamp_func
                0x08002f54       0x20 zephyr/libzephyr.a(log_core.c.obj)
                0x08002f54                log_set_timestamp_func
 .text.z_log_notify_backend_enabled
                0x08002f74       0x1c zephyr/libzephyr.a(log_core.c.obj)
                0x08002f74                z_log_notify_backend_enabled
 .text.z_log_dropped
                0x08002f90       0x44 zephyr/libzephyr.a(log_core.c.obj)
                0x08002f90                z_log_dropped
 .text.z_log_dropped_read_and_clear
                0x08002fd4       0x20 zephyr/libzephyr.a(log_core.c.obj)
                0x08002fd4                z_log_dropped_read_and_clear
 .text.dropped_notify
                0x08002ff4       0x30 zephyr/libzephyr.a(log_core.c.obj)
                0x08002ff4                dropped_notify
 .text.z_log_msg_init
                0x08003024       0x20 zephyr/libzephyr.a(log_core.c.obj)
                0x08003024                z_log_msg_init
 .text.log_core_init
                0x08003044       0x54 zephyr/libzephyr.a(log_core.c.obj)
                0x08003044                log_core_init
 .text.z_log_msg_alloc
                0x08003098       0x10 zephyr/libzephyr.a(log_core.c.obj)
                0x08003098                z_log_msg_alloc
 .text.z_log_msg_local_claim
                0x080030a8        0xc zephyr/libzephyr.a(log_core.c.obj)
                0x080030a8                z_log_msg_local_claim
 .text.z_log_msg_free
                0x080030b4       0x10 zephyr/libzephyr.a(log_core.c.obj)
                0x080030b4                z_log_msg_free
 .text.z_log_msg_pending
                0x080030c4        0xc zephyr/libzephyr.a(log_core.c.obj)
                0x080030c4                z_log_msg_pending
 .text.z_impl_log_process
                0x080030d0       0xf0 zephyr/libzephyr.a(log_core.c.obj)
                0x080030d0                z_impl_log_process
 .text.z_impl_log_panic
                0x080031c0       0x44 zephyr/libzephyr.a(log_core.c.obj)
                0x080031c0                z_impl_log_panic
 .text.log_process_thread_func
                0x08003204       0xa0 zephyr/libzephyr.a(log_core.c.obj)
 .text.z_log_msg_post_finalize
                0x080032a4       0x78 zephyr/libzephyr.a(log_core.c.obj)
 .text.z_log_msg_commit
                0x0800331c       0x24 zephyr/libzephyr.a(log_core.c.obj)
                0x0800331c                z_log_msg_commit
 .text.log_source_name_get
                0x08003340       0x1c zephyr/libzephyr.a(log_mgmt.c.obj)
                0x08003340                log_source_name_get
 .text.z_log_runtime_filters_init
                0x0800335c       0x30 zephyr/libzephyr.a(log_mgmt.c.obj)
                0x0800335c                z_log_runtime_filters_init
 .text.log_source_id_get
                0x0800338c       0x38 zephyr/libzephyr.a(log_mgmt.c.obj)
                0x0800338c                log_source_id_get
 .text.filter_set
                0x080033c4       0xbc zephyr/libzephyr.a(log_mgmt.c.obj)
                0x080033c4                filter_set
 .text.backend_filter_set
                0x08003480       0x30 zephyr/libzephyr.a(log_mgmt.c.obj)
 .text.log_filter_get
                0x080034b0       0x4c zephyr/libzephyr.a(log_mgmt.c.obj)
                0x080034b0                log_filter_get
 .text.z_impl_z_log_msg_static_create
                0x080034fc      0x108 zephyr/libzephyr.a(log_msg.c.obj)
                0x080034fc                z_impl_z_log_msg_static_create
 .text.z_log_msg_runtime_vcreate
                0x08003604       0xb4 zephyr/libzephyr.a(log_msg.c.obj)
                0x08003604                z_log_msg_runtime_vcreate
 .text.log_msg_get_source_id
                0x080036b8       0x18 zephyr/libzephyr.a(log_msg.c.obj)
                0x080036b8                log_msg_get_source_id
 .text.print_formatted
                0x080036d0       0x24 zephyr/libzephyr.a(log_output.c.obj)
 .text.newline_print
                0x080036f4       0x1c zephyr/libzephyr.a(log_output.c.obj)
 .text.log_output_process
                0x08003710      0x28c zephyr/libzephyr.a(log_output.c.obj)
                0x08003710                log_output_process
 .text.log_output_dropped_process
                0x0800399c       0x58 zephyr/libzephyr.a(log_output.c.obj)
                0x0800399c                log_output_dropped_process
 .text.log_output_timestamp_freq_set
                0x080039f4       0x2c zephyr/libzephyr.a(log_output.c.obj)
                0x080039f4                log_output_timestamp_freq_set
 .text.mem_attr_get_regions
                0x08003a20        0xc zephyr/libzephyr.a(mem_attr.c.obj)
                0x08003a20                mem_attr_get_regions
 .text.cmd_kernel_cycles
                0x08003a2c       0x1c zephyr/libzephyr.a(cycles.c.obj)
 .text.cmd_kernel_sleep
                0x08003a48       0x40 zephyr/libzephyr.a(sleep.c.obj)
 .text.cmd_kernel_version
                0x08003a88       0x18 zephyr/libzephyr.a(version.c.obj)
 .text.cmd_kernel_log_level_set
                0x08003aa0       0x8c zephyr/libzephyr.a(log-level.c.obj)
 .text.z_thread_is_valid
                0x08003b2c       0x20 zephyr/libzephyr.a(thread.c.obj)
                0x08003b2c                z_thread_is_valid
 .text.cmd_kernel_thread_list
                0x08003b4c       0x4c zephyr/libzephyr.a(list.c.obj)
 .text.shell_tdata_dump
                0x08003b98       0xd0 zephyr/libzephyr.a(list.c.obj)
 .text.cmd_kernel_thread_stacks
                0x08003c68       0x70 zephyr/libzephyr.a(stacks.c.obj)
 .text.shell_stack_dump
                0x08003cd8       0x64 zephyr/libzephyr.a(stacks.c.obj)
 .text.cmd_kernel_thread_suspend
                0x08003d3c       0x68 zephyr/libzephyr.a(suspend.c.obj)
 .text.cmd_kernel_thread_resume
                0x08003da4       0x68 zephyr/libzephyr.a(resume.c.obj)
 .text.cmd_kernel_thread_kill
                0x08003e0c       0x68 zephyr/libzephyr.a(kill.c.obj)
 .text.device_name_lookup
                0x08003e74       0x20 zephyr/libzephyr.a(device_service.c.obj)
 .text.device_name_get_non_ready
                0x08003e94       0x20 zephyr/libzephyr.a(device_service.c.obj)
 .text.cmd_device_init
                0x08003eb4       0x6c zephyr/libzephyr.a(device_service.c.obj)
 .text.cmd_device_list
                0x08003f20       0xf0 zephyr/libzephyr.a(device_service.c.obj)
 .text.get_h_m_s
                0x08004010       0x9c zephyr/libzephyr.a(date_service.c.obj)
 .text.cmd_date_set
                0x080040ac      0x134 zephyr/libzephyr.a(date_service.c.obj)
 .text.cmd_date_get
                0x080041e0       0x48 zephyr/libzephyr.a(date_service.c.obj)
 .text.cmd_devmem
                0x08004228       0xc8 zephyr/libzephyr.a(devmem_service.c.obj)
 .text.cmd_dump
                0x080042f0      0x184 zephyr/libzephyr.a(devmem_service.c.obj)
 .text.set_bypass.isra.0
                0x08004474       0x4c zephyr/libzephyr.a(devmem_service.c.obj)
 .text.bypass_cb
                0x080044c0      0x118 zephyr/libzephyr.a(devmem_service.c.obj)
 .text.cmd_load
                0x080045d8       0xcc zephyr/libzephyr.a(devmem_service.c.obj)
 .text.enable_shell_uart
                0x080046a4       0x30 zephyr/libzephyr.a(shell_uart.c.obj)
 .text.init     0x080046d4       0x54 zephyr/libzephyr.a(shell_uart.c.obj)
 .text.uart_callback
                0x08004728      0x138 zephyr/libzephyr.a(shell_uart.c.obj)
 .text.shell_internal_help_print
                0x08004860       0x20 zephyr/libzephyr.a(shell.c.obj)
 .text.tab_item_print
                0x08004880       0x88 zephyr/libzephyr.a(shell.c.obj)
 .text.z_clear_eos
                0x08004908       0x18 zephyr/libzephyr.a(shell.c.obj)
 .text.kill_handler
                0x08004920       0x2c zephyr/libzephyr.a(shell.c.obj)
 .text.z_cursor_next_line_move.isra.0
                0x0800494c        0xc zephyr/libzephyr.a(shell.c.obj)
 .text.execute  0x08004958      0x2c0 zephyr/libzephyr.a(shell.c.obj)
 .text.shell_log_process
                0x08004c18       0xa0 zephyr/libzephyr.a(shell.c.obj)
 .text.state_set.constprop.0
                0x08004cb8       0x4c zephyr/libzephyr.a(shell.c.obj)
 .text.state_collect
                0x08004d04      0x808 zephyr/libzephyr.a(shell.c.obj)
 .text.shell_thread
                0x0800550c       0x6c zephyr/libzephyr.a(shell.c.obj)
                0x0800550c                shell_thread
 .text.cmd_help
                0x08005578       0x4c zephyr/libzephyr.a(shell.c.obj)
 .text.shell_init
                0x080055c4       0xfc zephyr/libzephyr.a(shell.c.obj)
                0x080055c4                shell_init
 .text.z_shell_fprintf_fmt
                0x080056c0       0x28 zephyr/libzephyr.a(shell_fprintf.c.obj)
                0x080056c0                z_shell_fprintf_fmt
 .text.z_shell_cbpprintf_fmt
                0x080056e8       0x2c zephyr/libzephyr.a(shell_fprintf.c.obj)
                0x080056e8                z_shell_cbpprintf_fmt
 .text.z_shell_cmd_get
                0x08005714       0x80 zephyr/libzephyr.a(shell_utils.c.obj)
                0x08005714                z_shell_cmd_get
 .text.shell_strtoul
                0x08005794       0x50 zephyr/libzephyr.a(shell_utils.c.obj)
                0x08005794                shell_strtoul
 .text.shell_hexdump_line
                0x080057e4       0xb8 zephyr/libzephyr.a(shell_utils.c.obj)
                0x080057e4                shell_hexdump_line
 .text.z_clear_eos
                0x0800589c       0x18 zephyr/libzephyr.a(shell_ops.c.obj)
 .text.z_cursor_next_line_move.isra.0
                0x080058b4        0xc zephyr/libzephyr.a(shell_ops.c.obj)
 .text.z_shell_op_cursor_vert_move
                0x080058c0       0x2c zephyr/libzephyr.a(shell_ops.c.obj)
                0x080058c0                z_shell_op_cursor_vert_move
 .text.z_shell_op_cursor_horiz_move
                0x080058ec       0x2c zephyr/libzephyr.a(shell_ops.c.obj)
                0x080058ec                z_shell_op_cursor_horiz_move
 .text.z_shell_print_cmd
                0x08005918       0x78 zephyr/libzephyr.a(shell_ops.c.obj)
                0x08005918                z_shell_print_cmd
 .text.z_shell_vt100_color_set
                0x08005990       0x40 zephyr/libzephyr.a(shell_ops.c.obj)
                0x08005990                z_shell_vt100_color_set
 .text.z_shell_vt100_colors_restore
                0x080059d0       0x3c zephyr/libzephyr.a(shell_ops.c.obj)
                0x080059d0                z_shell_vt100_colors_restore
 .text.z_shell_op_word_remove
                0x08005a0c       0xc8 zephyr/libzephyr.a(shell_ops.c.obj)
                0x08005a0c                z_shell_op_word_remove
 .text.reprint_from_cursor
                0x08005ad4       0xdc zephyr/libzephyr.a(shell_ops.c.obj)
 .text.z_shell_op_char_insert
                0x08005bb0       0x70 zephyr/libzephyr.a(shell_ops.c.obj)
                0x08005bb0                z_shell_op_char_insert
 .text.z_shell_print_prompt_and_cmd
                0x08005c20       0x34 zephyr/libzephyr.a(shell_ops.c.obj)
                0x08005c20                z_shell_print_prompt_and_cmd
 .text.process  0x08005c54      0x1a0 zephyr/libzephyr.a(shell_log_backend.c.obj)
 .text.z_cursor_next_line_move.isra.0
                0x08005df4        0xc zephyr/libzephyr.a(shell_help.c.obj)
 .text.formatted_structured_help_print
                0x08005e00       0x44 zephyr/libzephyr.a(shell_help.c.obj)
 .text.z_shell_help_subcmd_print
                0x08005e44       0xc0 zephyr/libzephyr.a(shell_help.c.obj)
                0x08005e44                z_shell_help_subcmd_print
 .text.z_shell_help_cmd_print
                0x08005f04       0x60 zephyr/libzephyr.a(shell_help.c.obj)
                0x08005f04                z_shell_help_cmd_print
 .text.z_shell_help_request
                0x08005f64       0x28 zephyr/libzephyr.a(shell_help.c.obj)
                0x08005f64                z_shell_help_request
 .text.cmd_resize_default
                0x08005f8c       0x2c zephyr/libzephyr.a(shell_cmds.c.obj)
 .text.cmd_shell_stats_show
                0x08005fb8       0x18 zephyr/libzephyr.a(shell_cmds.c.obj)
 .text.cmd_backends
                0x08005fd0       0x4c zephyr/libzephyr.a(shell_cmds.c.obj)
 .text.cmd_prompt_off
                0x0800601c       0x10 zephyr/libzephyr.a(shell_cmds.c.obj)
 .text.cmd_history
                0x0800602c       0x44 zephyr/libzephyr.a(shell_cmds.c.obj)
 .text.cmd_get_retval
                0x08006070       0x1c zephyr/libzephyr.a(shell_cmds.c.obj)
 .text.cmd_echo
                0x0800608c       0x54 zephyr/libzephyr.a(shell_cmds.c.obj)
 .text.cmd_clear
                0x080060e0       0x34 zephyr/libzephyr.a(shell_cmds.c.obj)
 .text.cmd_resize
                0x08006114      0x1a4 zephyr/libzephyr.a(shell_cmds.c.obj)
 .text.z_shell_wildcard_process
                0x080062b8       0xe4 zephyr/libzephyr.a(shell_wildcard.c.obj)
                0x080062b8                z_shell_wildcard_process
 .text.z_thread_entry
                0x0800639c       0x34 zephyr/libzephyr.a(thread_entry.c.obj)
                0x0800639c                z_thread_entry
 .text.arch_bss_zero
                0x080063d0       0x2c zephyr/arch/common/libarch__common.a(init.c.obj)
                0x080063d0                arch_bss_zero
 .text.arch_data_copy
                0x080063fc       0x50 zephyr/arch/common/libarch__common.a(xip.c.obj)
                0x080063fc                arch_data_copy
 .text.z_arm_fatal_error
                0x0800644c      0x154 zephyr/arch/arch/arm/core/libarch__arm__core.a(fatal.c.obj)
                0x0800644c                z_arm_fatal_error
 .text.z_SysNmiOnReset
                0x080065a0        0x8 zephyr/arch/arch/arm/core/libarch__arm__core.a(nmi_on_reset.S.obj)
                0x080065a0                z_SysNmiOnReset
 .text.arch_tls_stack_setup
                0x080065a8       0x40 zephyr/arch/arch/arm/core/libarch__arm__core.a(tls.c.obj)
                0x080065a8                arch_tls_stack_setup
 .text.usage_fault.isra.0
                0x080065e8       0xdc zephyr/arch/arch/arm/core/cortex_m/libarch__arm__core__cortex_m.a(fault.c.obj)
 .text.bus_fault.isra.0
                0x080066c4      0x108 zephyr/arch/arch/arm/core/cortex_m/libarch__arm__core__cortex_m.a(fault.c.obj)
 .text.mem_manage_fault
                0x080067cc      0x140 zephyr/arch/arch/arm/core/cortex_m/libarch__arm__core__cortex_m.a(fault.c.obj)
 .text.z_arm_fault
                0x0800690c      0x204 zephyr/arch/arch/arm/core/cortex_m/libarch__arm__core__cortex_m.a(fault.c.obj)
                0x0800690c                z_arm_fault
 .text.z_arm_fault_init
                0x08006b10       0x18 zephyr/arch/arch/arm/core/cortex_m/libarch__arm__core__cortex_m.a(fault.c.obj)
                0x08006b10                z_arm_fault_init
 .text.__fault  0x08006b28       0x14 zephyr/arch/arch/arm/core/cortex_m/libarch__arm__core__cortex_m.a(fault_s.S.obj)
                0x08006b28                z_arm_bus_fault
                0x08006b28                z_arm_usage_fault
                0x08006b28                z_arm_mpu_fault
                0x08006b28                z_arm_exc_spurious
                0x08006b28                z_arm_debug_monitor
                0x08006b28                z_arm_hard_fault
 .text._reset_section
                0x08006b3c       0x44 zephyr/arch/arch/arm/core/cortex_m/libarch__arm__core__cortex_m.a(reset.S.obj)
                0x08006b3c                z_arm_reset
                0x08006b3c                __start
 .text.z_arm_svc
                0x08006b80       0x24 zephyr/arch/arch/arm/core/cortex_m/libarch__arm__core__cortex_m.a(svc.S.obj)
                0x08006b80                z_arm_svc
 .text.arm_irq_enable
                0x08006ba4       0x1c zephyr/arch/arch/arm/core/cortex_m/libarch__arm__core__cortex_m.a(irq_manage.c.obj)
                0x08006ba4                arm_irq_enable
 .text.arm_irq_disable
                0x08006bc0       0x28 zephyr/arch/arch/arm/core/cortex_m/libarch__arm__core__cortex_m.a(irq_manage.c.obj)
                0x08006bc0                arm_irq_disable
 .text.arm_irq_is_enabled
                0x08006be8       0x1c zephyr/arch/arch/arm/core/cortex_m/libarch__arm__core__cortex_m.a(irq_manage.c.obj)
                0x08006be8                arm_irq_is_enabled
 .text.arm_irq_priority_set
                0x08006c04       0x2c zephyr/arch/arch/arm/core/cortex_m/libarch__arm__core__cortex_m.a(irq_manage.c.obj)
                0x08006c04                arm_irq_priority_set
 .text.relocate_vector_table
                0x08006c30       0x1c zephyr/arch/arch/arm/core/cortex_m/libarch__arm__core__cortex_m.a(prep_c.c.obj)
                0x08006c30                relocate_vector_table
 .text.z_prep_c
                0x08006c4c       0x4c zephyr/arch/arch/arm/core/cortex_m/libarch__arm__core__cortex_m.a(prep_c.c.obj)
                0x08006c4c                z_prep_c
 .text.arch_new_thread
                0x08006c98       0x3c zephyr/arch/arch/arm/core/cortex_m/libarch__arm__core__cortex_m.a(thread.c.obj)
                0x08006c98                arch_new_thread
 .text.z_arm_mpu_stack_guard_and_fpu_adjust
                0x08006cd4       0x54 zephyr/arch/arch/arm/core/cortex_m/libarch__arm__core__cortex_m.a(thread.c.obj)
                0x08006cd4                z_arm_mpu_stack_guard_and_fpu_adjust
 .text.z_check_thread_stack_fail
                0x08006d28       0x30 zephyr/arch/arch/arm/core/cortex_m/libarch__arm__core__cortex_m.a(thread.c.obj)
                0x08006d28                z_check_thread_stack_fail
 .text.arch_float_disable
                0x08006d58       0x48 zephyr/arch/arch/arm/core/cortex_m/libarch__arm__core__cortex_m.a(thread.c.obj)
                0x08006d58                arch_float_disable
 .text.arch_switch_to_main_thread
                0x08006da0       0x58 zephyr/arch/arch/arm/core/cortex_m/libarch__arm__core__cortex_m.a(thread.c.obj)
                0x08006da0                arch_switch_to_main_thread
 .text.z_arm_cpu_idle_init
                0x08006df8        0xc zephyr/arch/arch/arm/core/cortex_m/libarch__arm__core__cortex_m.a(cpu_idle.c.obj)
                0x08006df8                z_arm_cpu_idle_init
 .text._HandlerModeExit
                0x08006e04       0x20 zephyr/arch/arch/arm/core/cortex_m/libarch__arm__core__cortex_m.a(exc_exit.c.obj)
                0x08006e04                z_arm_exc_exit
                0x08006e04                z_arm_int_exit
 .text.z_impl_k_thread_abort
                0x08006e24       0x2c zephyr/arch/arch/arm/core/cortex_m/libarch__arm__core__cortex_m.a(thread_abort.c.obj)
                0x08006e24                z_impl_k_thread_abort
 .text.z_arm_pendsv
                0x08006e50       0xa0 zephyr/arch/arch/arm/core/cortex_m/libarch__arm__core__cortex_m.a(swap_helper.S.obj)
                0x08006e50                z_arm_pendsv
 .text.z_arm_interrupt_init
                0x08006ef0       0x18 zephyr/arch/arch/arm/core/cortex_m/libarch__arm__core__cortex_m.a(irq_init.c.obj)
                0x08006ef0                z_arm_interrupt_init
 .text._isr_wrapper
                0x08006f08       0x24 zephyr/arch/arch/arm/core/cortex_m/libarch__arm__core__cortex_m.a(isr_wrapper.c.obj)
                0x08006f08                _isr_wrapper
 .text.__aeabi_read_tp
                0x08006f2c        0xc zephyr/arch/arch/arm/core/cortex_m/libarch__arm__core__cortex_m.a(__aeabi_read_tp.S.obj)
                0x08006f2c                __aeabi_read_tp
 .text.z_arm_configure_static_mpu_regions
                0x08006f38       0x18 zephyr/arch/arch/arm/core/mpu/libarch__arm__core__mpu.a(arm_core_mpu.c.obj)
                0x08006f38                z_arm_configure_static_mpu_regions
 .text.z_arm_configure_dynamic_mpu_regions
                0x08006f50       0x2c zephyr/arch/arch/arm/core/mpu/libarch__arm__core__mpu.a(arm_core_mpu.c.obj)
                0x08006f50                z_arm_configure_dynamic_mpu_regions
 .text.region_allocate_and_init
                0x08006f7c       0x58 zephyr/arch/arch/arm/core/mpu/libarch__arm__core__mpu.a(arm_mpu.c.obj)
 .text.mpu_configure_regions
                0x08006fd4       0x70 zephyr/arch/arch/arm/core/mpu/libarch__arm__core__mpu.a(arm_mpu.c.obj)
 .text.arm_core_mpu_enable
                0x08007044       0x18 zephyr/arch/arch/arm/core/mpu/libarch__arm__core__mpu.a(arm_mpu.c.obj)
                0x08007044                arm_core_mpu_enable
 .text.arm_core_mpu_disable
                0x0800705c       0x14 zephyr/arch/arch/arm/core/mpu/libarch__arm__core__mpu.a(arm_mpu.c.obj)
                0x0800705c                arm_core_mpu_disable
 .text.arm_core_mpu_configure_static_mpu_regions
                0x08007070       0x14 zephyr/arch/arch/arm/core/mpu/libarch__arm__core__mpu.a(arm_mpu.c.obj)
                0x08007070                arm_core_mpu_configure_static_mpu_regions
 .text.arm_core_mpu_configure_dynamic_mpu_regions
                0x08007084       0x38 zephyr/arch/arch/arm/core/mpu/libarch__arm__core__mpu.a(arm_mpu.c.obj)
                0x08007084                arm_core_mpu_configure_dynamic_mpu_regions
 .text.z_arm_mpu_init
                0x080070bc      0x194 zephyr/arch/arch/arm/core/mpu/libarch__arm__core__mpu.a(arm_mpu.c.obj)
                0x080070bc                z_arm_mpu_init
 .text.cbvprintf
                0x08007250       0x38 zephyr/lib/libc/picolibc/liblib__libc__picolibc.a(cbprintf.c.obj)
                0x08007250                cbvprintf
 .text.z_impl_zephyr_fputc
                0x08007288       0x10 zephyr/lib/libc/picolibc/liblib__libc__picolibc.a(stdio.c.obj)
                0x08007288                z_impl_zephyr_fputc
 .text.__stdout_hook_install
                0x08007298       0x18 zephyr/lib/libc/picolibc/liblib__libc__picolibc.a(stdio.c.obj)
                0x08007298                __stdout_hook_install
 .text.malloc_prepare
                0x080072b0       0x24 zephyr/lib/libc/common/liblib__libc__common.a(malloc.c.obj)
 .text.net_buf_destroy
                0x080072d4       0x38 zephyr/lib/net_buf/liblib__net_buf.a(buf.c.obj)
 .text.net_buf_pool_get
                0x0800730c       0x10 zephyr/lib/net_buf/liblib__net_buf.a(buf.c.obj)
                0x0800730c                net_buf_pool_get
 .text.net_buf_id
                0x0800731c       0x20 zephyr/lib/net_buf/liblib__net_buf.a(buf.c.obj)
                0x0800731c                net_buf_id
 .text.fixed_data_alloc
                0x0800733c       0x24 zephyr/lib/net_buf/liblib__net_buf.a(buf.c.obj)
 .text.net_buf_alloc_len
                0x08007360       0xfc zephyr/lib/net_buf/liblib__net_buf.a(buf.c.obj)
                0x08007360                net_buf_alloc_len
 .text.net_buf_unref
                0x0800745c       0x50 zephyr/lib/net_buf/liblib__net_buf.a(buf.c.obj)
                0x0800745c                net_buf_unref
 .text._check_fd
                0x080074ac       0x38 zephyr/lib/os/zvfs/liblib__os__zvfs.a(zvfs_fdtable.c.obj)
 .text.z_fd_unref.isra.0
                0x080074e4       0x4c zephyr/lib/os/zvfs/liblib__os__zvfs.a(zvfs_fdtable.c.obj)
 .text.zvfs_get_fd_obj_and_vtable
                0x08007530       0x34 zephyr/lib/os/zvfs/liblib__os__zvfs.a(zvfs_fdtable.c.obj)
                0x08007530                zvfs_get_fd_obj_and_vtable
 .text.zvfs_reserve_fd
                0x08007564       0x8c zephyr/lib/os/zvfs/liblib__os__zvfs.a(zvfs_fdtable.c.obj)
                0x08007564                zvfs_reserve_fd
 .text.zvfs_finalize_typed_fd
                0x080075f0       0x50 zephyr/lib/os/zvfs/liblib__os__zvfs.a(zvfs_fdtable.c.obj)
                0x080075f0                zvfs_finalize_typed_fd
 .text.zvfs_close
                0x08007640       0x64 zephyr/lib/os/zvfs/liblib__os__zvfs.a(zvfs_fdtable.c.obj)
                0x08007640                zvfs_close
 .text.fnmatchx
                0x080076a4      0x4e8 zephyr/subsys/portability/posix/c_lib_ext/libsubsys__portability__posix__c_lib_ext.a(fnmatch.c.obj)
 .text.z_getopt_global_state_update_shim
                0x08007b8c       0x2c zephyr/subsys/portability/posix/c_lib_ext/libsubsys__portability__posix__c_lib_ext.a(getopt_shim.c.obj)
                0x08007b8c                z_getopt_global_state_update_shim
 .text.rand_get
                0x08007bb8       0x58 zephyr/subsys/random/libsubsys__random.a(random_entropy_device.c.obj)
 .text.crc32_ieee_update
                0x08007c10       0x3c zephyr/subsys/crc/libsubsys__crc.a(crc32_sw.c.obj)
                0x08007c10                crc32_ieee_update
 .text.z_impl_zsock_socket
                0x08007c4c       0x64 zephyr/subsys/net/libsubsys__net.a(sockets.c.obj)
                0x08007c4c                z_impl_zsock_socket
 .text.z_impl_zsock_bind
                0x08007cb0       0x58 zephyr/subsys/net/libsubsys__net.a(sockets.c.obj)
                0x08007cb0                z_impl_zsock_bind
 .text.z_impl_zsock_sendto
                0x08007d08       0x6c zephyr/subsys/net/libsubsys__net.a(sockets.c.obj)
                0x08007d08                z_impl_zsock_sendto
 .text.z_impl_zsock_recvfrom
                0x08007d74       0x6c zephyr/subsys/net/libsubsys__net.a(sockets.c.obj)
                0x08007d74                z_impl_zsock_recvfrom
 .text.zsock_socket_internal
                0x08007de0       0x88 zephyr/subsys/net/libsubsys__net.a(sockets_inet.c.obj)
 .text.send_check_and_wait
                0x08007e68       0xb8 zephyr/subsys/net/libsubsys__net.a(sockets_inet.c.obj)
 .text.ipv6_multicast_group
                0x08007f20       0x80 zephyr/subsys/net/libsubsys__net.a(sockets_inet.c.obj)
 .text.ipv4_multicast_group.isra.0
                0x08007fa0       0x4c zephyr/subsys/net/libsubsys__net.a(sockets_inet.c.obj)
 .text.sock_ioctl_vmeth
                0x08007fec      0x180 zephyr/subsys/net/libsubsys__net.a(sockets_inet.c.obj)
 .text.zsock_accepted_cb
                0x0800816c       0x64 zephyr/subsys/net/libsubsys__net.a(sockets_inet.c.obj)
 .text.zsock_close_ctx
                0x080081d0       0x58 zephyr/subsys/net/libsubsys__net.a(sockets_inet.c.obj)
                0x080081d0                zsock_close_ctx
 .text.zsock_shutdown_ctx
                0x08008228       0x68 zephyr/subsys/net/libsubsys__net.a(sockets_inet.c.obj)
                0x08008228                zsock_shutdown_ctx
 .text.zsock_bind_ctx
                0x08008290       0x50 zephyr/subsys/net/libsubsys__net.a(sockets_inet.c.obj)
                0x08008290                zsock_bind_ctx
 .text.zsock_connect_ctx
                0x080082e0       0xe8 zephyr/subsys/net/libsubsys__net.a(sockets_inet.c.obj)
                0x080082e0                zsock_connect_ctx
 .text.zsock_listen_ctx
                0x080083c8       0x54 zephyr/subsys/net/libsubsys__net.a(sockets_inet.c.obj)
                0x080083c8                zsock_listen_ctx
 .text.zsock_sendto_ctx
                0x0800841c      0x108 zephyr/subsys/net/libsubsys__net.a(sockets_inet.c.obj)
                0x0800841c                zsock_sendto_ctx
 .text.zsock_sendmsg_ctx
                0x08008524       0xb4 zephyr/subsys/net/libsubsys__net.a(sockets_inet.c.obj)
                0x08008524                zsock_sendmsg_ctx
 .text.zsock_accept_ctx
                0x080085d8      0x11c zephyr/subsys/net/libsubsys__net.a(sockets_inet.c.obj)
                0x080085d8                zsock_accept_ctx
 .text.zsock_recv_dgram
                0x080086f4      0x2d8 zephyr/subsys/net/libsubsys__net.a(sockets_inet.c.obj)
 .text.zsock_recv_stream
                0x080089cc      0x1a0 zephyr/subsys/net/libsubsys__net.a(sockets_inet.c.obj)
 .text.zsock_recvfrom_ctx
                0x08008b6c       0x5c zephyr/subsys/net/libsubsys__net.a(sockets_inet.c.obj)
                0x08008b6c                zsock_recvfrom_ctx
 .text.zsock_recvmsg_ctx
                0x08008bc8       0x7c zephyr/subsys/net/libsubsys__net.a(sockets_inet.c.obj)
                0x08008bc8                zsock_recvmsg_ctx
 .text.zsock_getsockopt_ctx
                0x08008c44      0x1e0 zephyr/subsys/net/libsubsys__net.a(sockets_inet.c.obj)
                0x08008c44                zsock_getsockopt_ctx
 .text.zsock_setsockopt_ctx
                0x08008e24      0x240 zephyr/subsys/net/libsubsys__net.a(sockets_inet.c.obj)
                0x08008e24                zsock_setsockopt_ctx
 .text.zsock_getpeername_ctx
                0x08009064       0xc0 zephyr/subsys/net/libsubsys__net.a(sockets_inet.c.obj)
                0x08009064                zsock_getpeername_ctx
 .text.zsock_getsockname_ctx
                0x08009124       0x88 zephyr/subsys/net/libsubsys__net.a(sockets_inet.c.obj)
                0x08009124                zsock_getsockname_ctx
 .text.ethernet_recv
                0x080091ac      0x12c zephyr/subsys/net/l2/ethernet/libsubsys__net__l2__ethernet.a(ethernet.c.obj)
 .text.ethernet_mcast_monitor_cb
                0x080092d8       0x94 zephyr/subsys/net/l2/ethernet/libsubsys__net__l2__ethernet.a(ethernet.c.obj)
 .text.net_eth_broadcast_addr
                0x0800936c        0x8 zephyr/subsys/net/l2/ethernet/libsubsys__net__l2__ethernet.a(ethernet.c.obj)
                0x0800936c                net_eth_broadcast_addr
 .text.ethernet_send
                0x08009374      0x1c0 zephyr/subsys/net/l2/ethernet/libsubsys__net__l2__ethernet.a(ethernet.c.obj)
 .text.ethernet_init
                0x08009534       0x58 zephyr/subsys/net/l2/ethernet/libsubsys__net__l2__ethernet.a(ethernet.c.obj)
                0x08009534                ethernet_init
 .text.arp_entry_get_last_from_table
                0x0800958c       0x28 zephyr/subsys/net/l2/ethernet/libsubsys__net__l2__ethernet.a(arp.c.obj)
 .text.arp_request_timeout
                0x080095b4       0x90 zephyr/subsys/net/l2/ethernet/libsubsys__net__l2__ethernet.a(arp.c.obj)
 .text.net_arp_prepare
                0x08009644      0x27c zephyr/subsys/net/l2/ethernet/libsubsys__net__l2__ethernet.a(arp.c.obj)
                0x08009644                net_arp_prepare
 .text.net_arp_update
                0x080098c0      0x168 zephyr/subsys/net/l2/ethernet/libsubsys__net__l2__ethernet.a(arp.c.obj)
                0x080098c0                net_arp_update
 .text.net_arp_clear_cache
                0x08009a28       0xc4 zephyr/subsys/net/l2/ethernet/libsubsys__net__l2__ethernet.a(arp.c.obj)
                0x08009a28                net_arp_clear_cache
 .text.net_arp_clear_pending
                0x08009aec       0x28 zephyr/subsys/net/l2/ethernet/libsubsys__net__l2__ethernet.a(arp.c.obj)
                0x08009aec                net_arp_clear_pending
 .text.net_arp_init
                0x08009b14       0x74 zephyr/subsys/net/l2/ethernet/libsubsys__net__l2__ethernet.a(arp.c.obj)
                0x08009b14                net_arp_init
 .text.iface_router_notify_deletion.isra.0
                0x08009b88       0x40 zephyr/subsys/net/ip/libsubsys__net__ip.a(net_if.c.obj)
 .text.iface_router_find_default.isra.0
                0x08009bc8       0x70 zephyr/subsys/net/ip/libsubsys__net__ip.a(net_if.c.obj)
 .text.iface_router_update_timer
                0x08009c38       0x7c zephyr/subsys/net/ip/libsubsys__net__ip.a(net_if.c.obj)
 .text.if_ipv4_get_addr
                0x08009cb4       0x5c zephyr/subsys/net/ip/libsubsys__net__ip.a(net_if.c.obj)
 .text.iface_router_lookup
                0x08009d10       0x80 zephyr/subsys/net/ip/libsubsys__net__ip.a(net_if.c.obj)
 .text.iface_router_add
                0x08009d90      0x110 zephyr/subsys/net/ip/libsubsys__net__ip.a(net_if.c.obj)
 .text.iface_router_rm
                0x08009ea0       0x54 zephyr/subsys/net/ip/libsubsys__net__ip.a(net_if.c.obj)
 .text.need_calc_checksum
                0x08009ef4       0x68 zephyr/subsys/net/ip/libsubsys__net__ip.a(net_if.c.obj)
 .text.net_if_ipv4_get_best_match
                0x08009f5c       0x74 zephyr/subsys/net/ip/libsubsys__net__ip.a(net_if.c.obj)
 .text.iface_router_expired
                0x08009fd0       0x94 zephyr/subsys/net/ip/libsubsys__net__ip.a(net_if.c.obj)
 .text.z_impl_net_if_get_by_index
                0x0800a064       0x24 zephyr/subsys/net/ip/libsubsys__net__ip.a(net_if.c.obj)
                0x0800a064                z_impl_net_if_get_by_index
 .text.dad_timeout
                0x0800a088       0xcc zephyr/subsys/net/ip/libsubsys__net__ip.a(net_if.c.obj)
 .text.net_if_lookup_by_dev
                0x0800a154       0x24 zephyr/subsys/net/ip/libsubsys__net__ip.a(net_if.c.obj)
                0x0800a154                net_if_lookup_by_dev
 .text.net_if_get_default
                0x0800a178       0x24 zephyr/subsys/net/ip/libsubsys__net__ip.a(net_if.c.obj)
                0x0800a178                net_if_get_default
 .text.net_if_mcast_mon_register
                0x0800a19c       0x44 zephyr/subsys/net/ip/libsubsys__net__ip.a(net_if.c.obj)
                0x0800a19c                net_if_mcast_mon_register
 .text.net_if_mcast_monitor
                0x0800a1e0       0x54 zephyr/subsys/net/ip/libsubsys__net__ip.a(net_if.c.obj)
                0x0800a1e0                net_if_mcast_monitor
 .text.net_if_config_ipv6_get
                0x0800a234       0x6c zephyr/subsys/net/ip/libsubsys__net__ip.a(net_if.c.obj)
                0x0800a234                net_if_config_ipv6_get
 .text.net_if_start_rs
                0x0800a2a0       0x88 zephyr/subsys/net/ip/libsubsys__net__ip.a(net_if.c.obj)
                0x0800a2a0                net_if_start_rs
 .text.rs_timeout
                0x0800a328       0xd4 zephyr/subsys/net/ip/libsubsys__net__ip.a(net_if.c.obj)
 .text.net_if_stop_rs
                0x0800a3fc       0x40 zephyr/subsys/net/ip/libsubsys__net__ip.a(net_if.c.obj)
                0x0800a3fc                net_if_stop_rs
 .text.net_if_ipv6_addr_lookup_raw
                0x0800a43c       0x88 zephyr/subsys/net/ip/libsubsys__net__ip.a(net_if.c.obj)
                0x0800a43c                net_if_ipv6_addr_lookup_raw
 .text.net_if_ipv6_addr_update_lifetime
                0x0800a4c4       0x58 zephyr/subsys/net/ip/libsubsys__net__ip.a(net_if.c.obj)
                0x0800a4c4                net_if_ipv6_addr_update_lifetime
 .text.net_if_ipv6_maddr_rm
                0x0800a51c       0x98 zephyr/subsys/net/ip/libsubsys__net__ip.a(net_if.c.obj)
                0x0800a51c                net_if_ipv6_maddr_rm
 .text.net_if_ipv6_maddr_lookup_raw
                0x0800a5b4       0x94 zephyr/subsys/net/ip/libsubsys__net__ip.a(net_if.c.obj)
                0x0800a5b4                net_if_ipv6_maddr_lookup_raw
 .text.net_if_ipv6_maddr_add
                0x0800a648       0xc0 zephyr/subsys/net/ip/libsubsys__net__ip.a(net_if.c.obj)
                0x0800a648                net_if_ipv6_maddr_add
 .text.net_if_ipv6_prefix_add
                0x0800a708      0x120 zephyr/subsys/net/ip/libsubsys__net__ip.a(net_if.c.obj)
                0x0800a708                net_if_ipv6_prefix_add
 .text.net_if_ipv6_addr_onlink
                0x0800a828       0xb0 zephyr/subsys/net/ip/libsubsys__net__ip.a(net_if.c.obj)
                0x0800a828                net_if_ipv6_addr_onlink
 .text.net_if_ipv6_prefix_set_timer
                0x0800a8d8       0x58 zephyr/subsys/net/ip/libsubsys__net__ip.a(net_if.c.obj)
                0x0800a8d8                net_if_ipv6_prefix_set_timer
 .text.net_if_ipv6_prefix_unset_timer
                0x0800a930       0x40 zephyr/subsys/net/ip/libsubsys__net__ip.a(net_if.c.obj)
                0x0800a930                net_if_ipv6_prefix_unset_timer
 .text.net_if_ipv6_select_src_addr_hint
                0x0800a970       0xf8 zephyr/subsys/net/ip/libsubsys__net__ip.a(net_if.c.obj)
                0x0800a970                net_if_ipv6_select_src_addr_hint
 .text.net_if_config_ipv4_get
                0x0800aa68       0x68 zephyr/subsys/net/ip/libsubsys__net__ip.a(net_if.c.obj)
                0x0800aa68                net_if_config_ipv4_get
 .text.net_if_ipv4_addr_onlink
                0x0800aad0       0x80 zephyr/subsys/net/ip/libsubsys__net__ip.a(net_if.c.obj)
                0x0800aad0                net_if_ipv4_addr_onlink
 .text.net_if_ipv4_is_addr_bcast_raw
                0x0800ab50       0x30 zephyr/subsys/net/ip/libsubsys__net__ip.a(net_if.c.obj)
                0x0800ab50                net_if_ipv4_is_addr_bcast_raw
 .text.net_if_ipv4_addr_lookup_raw
                0x0800ab80       0x58 zephyr/subsys/net/ip/libsubsys__net__ip.a(net_if.c.obj)
                0x0800ab80                net_if_ipv4_addr_lookup_raw
 .text.net_if_ipv4_addr_add
                0x0800abd8       0xec zephyr/subsys/net/ip/libsubsys__net__ip.a(net_if.c.obj)
                0x0800abd8                net_if_ipv4_addr_add
 .text.net_if_ipv4_maddr_lookup
                0x0800acc4       0x5c zephyr/subsys/net/ip/libsubsys__net__ip.a(net_if.c.obj)
                0x0800acc4                net_if_ipv4_maddr_lookup
 .text.net_if_ipv4_select_route_iface
                0x0800ad20       0x44 zephyr/subsys/net/ip/libsubsys__net__ip.a(net_if.c.obj)
 .text.net_if_ipv4_select_src_addr
                0x0800ad64       0xe8 zephyr/subsys/net/ip/libsubsys__net__ip.a(net_if.c.obj)
                0x0800ad64                net_if_ipv4_select_src_addr
 .text.net_if_addr_unref
                0x0800ae4c      0x184 zephyr/subsys/net/ip/libsubsys__net__ip.a(net_if.c.obj)
                0x0800ae4c                net_if_addr_unref
 .text.net_if_ipv6_dad_failed
                0x0800afd0       0x44 zephyr/subsys/net/ip/libsubsys__net__ip.a(net_if.c.obj)
                0x0800afd0                net_if_ipv6_dad_failed
 .text.net_if_ipv6_prefix_rm
                0x0800b014       0xa4 zephyr/subsys/net/ip/libsubsys__net__ip.a(net_if.c.obj)
                0x0800b014                net_if_ipv6_prefix_rm
 .text.prefix_lifetime_timeout
                0x0800b0b8       0xd4 zephyr/subsys/net/ip/libsubsys__net__ip.a(net_if.c.obj)
 .text.address_lifetime_timeout
                0x0800b18c       0xc4 zephyr/subsys/net/ip/libsubsys__net__ip.a(net_if.c.obj)
 .text.net_if_call_link_cb
                0x0800b250       0x4c zephyr/subsys/net/ip/libsubsys__net__ip.a(net_if.c.obj)
                0x0800b250                net_if_call_link_cb
 .text.net_if_tx.isra.0
                0x0800b29c      0x108 zephyr/subsys/net/ip/libsubsys__net__ip.a(net_if.c.obj)
 .text.net_if_get_by_iface
                0x0800b3a4       0x2c zephyr/subsys/net/ip/libsubsys__net__ip.a(net_if.c.obj)
                0x0800b3a4                net_if_get_by_iface
 .text.net_if_ipv6_start_dad
                0x0800b3d0       0x8c zephyr/subsys/net/ip/libsubsys__net__ip.a(net_if.c.obj)
                0x0800b3d0                net_if_ipv6_start_dad
 .text.net_if_ipv6_addr_add
                0x0800b45c      0x198 zephyr/subsys/net/ip/libsubsys__net__ip.a(net_if.c.obj)
                0x0800b45c                net_if_ipv6_addr_add
 .text.update_operational_state
                0x0800b5f4      0x2fc zephyr/subsys/net/ip/libsubsys__net__ip.a(net_if.c.obj)
 .text.net_if_foreach
                0x0800b8f0       0x24 zephyr/subsys/net/ip/libsubsys__net__ip.a(net_if.c.obj)
                0x0800b8f0                net_if_foreach
 .text.net_if_up
                0x0800b914       0x78 zephyr/subsys/net/ip/libsubsys__net__ip.a(net_if.c.obj)
                0x0800b914                net_if_up
 .text.net_if_is_wifi
                0x0800b98c       0x2c zephyr/subsys/net/ip/libsubsys__net__ip.a(net_if.c.obj)
                0x0800b98c                net_if_is_wifi
 .text.net_if_set_name
                0x0800b9b8       0x64 zephyr/subsys/net/ip/libsubsys__net__ip.a(net_if.c.obj)
                0x0800b9b8                net_if_set_name
 .text.net_if_get_by_name
                0x0800ba1c       0x44 zephyr/subsys/net/ip/libsubsys__net__ip.a(net_if.c.obj)
                0x0800ba1c                net_if_get_by_name
 .text.net_if_init
                0x0800ba60      0x190 zephyr/subsys/net/ip/libsubsys__net__ip.a(net_if.c.obj)
                0x0800ba60                net_if_init
 .text.net_if_post_init
                0x0800bbf0       0x28 zephyr/subsys/net/ip/libsubsys__net__ip.a(net_if.c.obj)
                0x0800bbf0                net_if_post_init
 .text.net_sprint_ll_addr_buf
                0x0800bc18       0x58 zephyr/subsys/net/ip/libsubsys__net__ip.a(utils.c.obj)
                0x0800bc18                net_sprint_ll_addr_buf
 .text.z_impl_net_addr_pton
                0x0800bc70      0x1b4 zephyr/subsys/net/ip/libsubsys__net__ip.a(utils.c.obj)
                0x0800bc70                z_impl_net_addr_pton
 .text.net_ipv4_unspecified_address
                0x0800be24        0x8 zephyr/subsys/net/ip/libsubsys__net__ip.a(utils.c.obj)
                0x0800be24                net_ipv4_unspecified_address
 .text.net_ipv4_broadcast_address
                0x0800be2c        0x8 zephyr/subsys/net/ip/libsubsys__net__ip.a(utils.c.obj)
                0x0800be2c                net_ipv4_broadcast_address
 .text.net_ipv6_unspecified_address
                0x0800be34        0x8 zephyr/subsys/net/ip/libsubsys__net__ip.a(utils.c.obj)
                0x0800be34                net_ipv6_unspecified_address
 .text.mgmt_event_work_handler
                0x0800be3c      0x140 zephyr/subsys/net/ip/libsubsys__net__ip.a(net_mgmt.c.obj)
 .text.sys_slist_find_and_remove.constprop.0.isra.0
                0x0800bf7c       0x38 zephyr/subsys/net/ip/libsubsys__net__ip.a(net_mgmt.c.obj)
 .text.mgmt_rebuild_global_event_mask
                0x0800bfb4       0x74 zephyr/subsys/net/ip/libsubsys__net__ip.a(net_mgmt.c.obj)
 .text.net_mgmt_add_event_callback
                0x0800c028       0x50 zephyr/subsys/net/ip/libsubsys__net__ip.a(net_mgmt.c.obj)
                0x0800c028                net_mgmt_add_event_callback
 .text.net_mgmt_del_event_callback
                0x0800c078       0x2c zephyr/subsys/net/ip/libsubsys__net__ip.a(net_mgmt.c.obj)
                0x0800c078                net_mgmt_del_event_callback
 .text.net_mgmt_event_notify_with_info
                0x0800c0a4       0x88 zephyr/subsys/net/ip/libsubsys__net__ip.a(net_mgmt.c.obj)
                0x0800c0a4                net_mgmt_event_notify_with_info
 .text.net_mgmt_event_init
                0x0800c12c       0x3c zephyr/subsys/net/ip/libsubsys__net__ip.a(net_mgmt.c.obj)
                0x0800c12c                net_mgmt_event_init
 .text.icmp_call_handlers
                0x0800c168       0x78 zephyr/subsys/net/ip/libsubsys__net__ip.a(icmp.c.obj)
 .text.net_icmp_init_ctx
                0x0800c1e0       0x68 zephyr/subsys/net/ip/libsubsys__net__ip.a(icmp.c.obj)
                0x0800c1e0                net_icmp_init_ctx
 .text.check_used_port.isra.0
                0x0800c248      0x114 zephyr/subsys/net/ip/libsubsys__net__ip.a(net_context.c.obj)
 .text.net_context_packet_received
                0x0800c35c       0xb0 zephyr/subsys/net/ip/libsubsys__net__ip.a(net_context.c.obj)
                0x0800c35c                net_context_packet_received
 .text.net_context_get
                0x0800c40c      0x1bc zephyr/subsys/net/ip/libsubsys__net__ip.a(net_context.c.obj)
                0x0800c40c                net_context_get
 .text.net_context_put
                0x0800c5c8       0x48 zephyr/subsys/net/ip/libsubsys__net__ip.a(net_context.c.obj)
                0x0800c5c8                net_context_put
 .text.net_context_recv
                0x0800c610      0x178 zephyr/subsys/net/ip/libsubsys__net__ip.a(net_context.c.obj)
                0x0800c610                net_context_recv
 .text.net_context_set_option
                0x0800c788      0x1d0 zephyr/subsys/net/ip/libsubsys__net__ip.a(net_context.c.obj)
                0x0800c788                net_context_set_option
 .text.net_context_get_option
                0x0800c958      0x17c zephyr/subsys/net/ip/libsubsys__net__ip.a(net_context.c.obj)
                0x0800c958                net_context_get_option
 .text.net_context_init
                0x0800cad4       0x10 zephyr/subsys/net/ip/libsubsys__net__ip.a(net_context.c.obj)
                0x0800cad4                net_context_init
 .text.net_pkt_get_reserve_rx_data
                0x0800cae4        0xc zephyr/subsys/net/ip/libsubsys__net__ip.a(net_pkt.c.obj)
                0x0800cae4                net_pkt_get_reserve_rx_data
 .text.net_pkt_get_reserve_tx_data
                0x0800caf0        0xc zephyr/subsys/net/ip/libsubsys__net__ip.a(net_pkt.c.obj)
                0x0800caf0                net_pkt_get_reserve_tx_data
 .text.net_pkt_get_frag
                0x0800cafc       0x24 zephyr/subsys/net/ip/libsubsys__net__ip.a(net_pkt.c.obj)
                0x0800cafc                net_pkt_get_frag
 .text.pkt_alloc
                0x0800cb20       0x64 zephyr/subsys/net/ip/libsubsys__net__ip.a(net_pkt.c.obj)
 .text.net_pkt_alloc_buffer_with_reserve
                0x0800cb84       0xec zephyr/subsys/net/ip/libsubsys__net__ip.a(net_pkt.c.obj)
                0x0800cb84                net_pkt_alloc_buffer_with_reserve
 .text.net_pkt_alloc_buffer
                0x0800cc70       0x78 zephyr/subsys/net/ip/libsubsys__net__ip.a(net_pkt.c.obj)
                0x0800cc70                net_pkt_alloc_buffer
 .text.net_pkt_alloc_with_buffer
                0x0800cce8       0x24 zephyr/subsys/net/ip/libsubsys__net__ip.a(net_pkt.c.obj)
                0x0800cce8                net_pkt_alloc_with_buffer
 .text.net_pkt_rx_alloc_with_buffer
                0x0800cd0c       0x24 zephyr/subsys/net/ip/libsubsys__net__ip.a(net_pkt.c.obj)
                0x0800cd0c                net_pkt_rx_alloc_with_buffer
 .text.net_tc_submit_to_rx_queue
                0x0800cd30       0x18 zephyr/subsys/net/ip/libsubsys__net__ip.a(net_tc.c.obj)
                0x0800cd30                net_tc_submit_to_rx_queue
 .text.net_rx_priority2tc
                0x0800cd48       0x10 zephyr/subsys/net/ip/libsubsys__net__ip.a(net_tc.c.obj)
                0x0800cd48                net_rx_priority2tc
 .text.net_tc_rx_init
                0x0800cd58       0x70 zephyr/subsys/net/ip/libsubsys__net__ip.a(net_tc.c.obj)
                0x0800cd58                net_tc_rx_init
 .text.k_mutex_lock.constprop.0.isra.0
                0x0800cdc8       0x10 zephyr/subsys/net/ip/libsubsys__net__ip.a(connection.c.obj)
 .text.k_mutex_unlock.constprop.0.isra.0
                0x0800cdd8        0xc zephyr/subsys/net/ip/libsubsys__net__ip.a(connection.c.obj)
 .text.conn_set_unused
                0x0800cde4       0x34 zephyr/subsys/net/ip/libsubsys__net__ip.a(connection.c.obj)
 .text.net_conn_register
                0x0800ce18      0x224 zephyr/subsys/net/ip/libsubsys__net__ip.a(connection.c.obj)
                0x0800ce18                net_conn_register
 .text.net_conn_unregister
                0x0800d03c       0x78 zephyr/subsys/net/ip/libsubsys__net__ip.a(connection.c.obj)
                0x0800d03c                net_conn_unregister
 .text.net_conn_update
                0x0800d0b4       0x5c zephyr/subsys/net/ip/libsubsys__net__ip.a(connection.c.obj)
                0x0800d0b4                net_conn_update
 .text.net_conn_input
                0x0800d110      0x268 zephyr/subsys/net/ip/libsubsys__net__ip.a(connection.c.obj)
                0x0800d110                net_conn_input
 .text.net_conn_init
                0x0800d378       0x3c zephyr/subsys/net/ip/libsubsys__net__ip.a(connection.c.obj)
                0x0800d378                net_conn_init
 .text.net_icmpv4_init
                0x0800d3b4       0x20 zephyr/subsys/net/ip/libsubsys__net__ip.a(icmpv4.c.obj)
                0x0800d3b4                net_icmpv4_init
 .text.net_icmpv6_init
                0x0800d3d4       0x20 zephyr/subsys/net/ip/libsubsys__net__ip.a(icmpv6.c.obj)
                0x0800d3d4                net_icmpv6_init
 .text.net_nbr_link
                0x0800d3f4       0xb4 zephyr/subsys/net/ip/libsubsys__net__ip.a(nbr.c.obj)
                0x0800d3f4                net_nbr_link
 .text.net_nbr_unlink
                0x0800d4a8       0x40 zephyr/subsys/net/ip/libsubsys__net__ip.a(nbr.c.obj)
                0x0800d4a8                net_nbr_unlink
 .text.net_nbr_get_lladdr
                0x0800d4e8       0x10 zephyr/subsys/net/ip/libsubsys__net__ip.a(nbr.c.obj)
                0x0800d4e8                net_nbr_get_lladdr
 .text.ipv6_nd_restart_reachable_timer
                0x0800d4f8       0x88 zephyr/subsys/net/ip/libsubsys__net__ip.a(ipv6_nbr.c.obj)
 .text.ipv6_nbr_set_state
                0x0800d580       0x6c zephyr/subsys/net/ip/libsubsys__net__ip.a(ipv6_nbr.c.obj)
 .text.nbr_new  0x0800d5ec       0xb0 zephyr/subsys/net/ip/libsubsys__net__ip.a(ipv6_nbr.c.obj)
 .text.nbr_lookup.constprop.0
                0x0800d69c       0x44 zephyr/subsys/net/ip/libsubsys__net__ip.a(ipv6_nbr.c.obj)
 .text.dbg_update_neighbor_lladdr.isra.0
                0x0800d6e0       0x28 zephyr/subsys/net/ip/libsubsys__net__ip.a(ipv6_nbr.c.obj)
 .text.net_ipv6_nbr_lock
                0x0800d708       0x14 zephyr/subsys/net/ip/libsubsys__net__ip.a(ipv6_nbr.c.obj)
                0x0800d708                net_ipv6_nbr_lock
 .text.net_ipv6_nbr_unlock
                0x0800d71c        0xc zephyr/subsys/net/ip/libsubsys__net__ip.a(ipv6_nbr.c.obj)
                0x0800d71c                net_ipv6_nbr_unlock
 .text.net_ipv6_nbr_rm
                0x0800d728       0x4c zephyr/subsys/net/ip/libsubsys__net__ip.a(ipv6_nbr.c.obj)
                0x0800d728                net_ipv6_nbr_rm
 .text.add_nbr  0x0800d774       0x9c zephyr/subsys/net/ip/libsubsys__net__ip.a(ipv6_nbr.c.obj)
 .text.net_ipv6_send_ns
                0x0800d810      0x1ec zephyr/subsys/net/ip/libsubsys__net__ip.a(ipv6_nbr.c.obj)
                0x0800d810                net_ipv6_send_ns
 .text.net_ipv6_nbr_add
                0x0800d9fc       0xb0 zephyr/subsys/net/ip/libsubsys__net__ip.a(ipv6_nbr.c.obj)
                0x0800d9fc                net_ipv6_nbr_add
 .text.handle_ra_input
                0x0800daac      0x468 zephyr/subsys/net/ip/libsubsys__net__ip.a(ipv6_nbr.c.obj)
 .text.ipv6_ns_reply_timeout
                0x0800df14       0xdc zephyr/subsys/net/ip/libsubsys__net__ip.a(ipv6_nbr.c.obj)
 .text.ipv6_nd_reachable_timeout
                0x0800dff0       0xec zephyr/subsys/net/ip/libsubsys__net__ip.a(ipv6_nbr.c.obj)
 .text.net_ipv6_nbr_init
                0x0800e0dc       0x70 zephyr/subsys/net/ip/libsubsys__net__ip.a(ipv6_nbr.c.obj)
                0x0800e0dc                net_ipv6_nbr_init
 .text.net_ipv6_mld_rejoin
                0x0800e14c       0x68 zephyr/subsys/net/ip/libsubsys__net__ip.a(ipv6_mld.c.obj)
                0x0800e14c                net_ipv6_mld_rejoin
 .text.net_ipv6_mld_join
                0x0800e1b4       0x78 zephyr/subsys/net/ip/libsubsys__net__ip.a(ipv6_mld.c.obj)
                0x0800e1b4                net_ipv6_mld_join
 .text.net_ipv6_mld_leave
                0x0800e22c       0x74 zephyr/subsys/net/ip/libsubsys__net__ip.a(ipv6_mld.c.obj)
                0x0800e22c                net_ipv6_mld_leave
 .text.net_ipv6_mld_init
                0x0800e2a0       0x20 zephyr/subsys/net/ip/libsubsys__net__ip.a(ipv6_mld.c.obj)
                0x0800e2a0                net_ipv6_mld_init
 .text.route_ipv4_notify_add
                0x0800e2c0       0x1c zephyr/subsys/net/ip/libsubsys__net__ip.a(route_ipv4.c.obj)
 .text.route_ipv4_notify_del
                0x0800e2dc       0x1c zephyr/subsys/net/ip/libsubsys__net__ip.a(route_ipv4.c.obj)
 .text.net_route_ipv4_lookup
                0x0800e2f8       0x20 zephyr/subsys/net/ip/libsubsys__net__ip.a(route_ipv4.c.obj)
                0x0800e2f8                net_route_ipv4_lookup
 .text.net_route_ipv4_get_nexthop
                0x0800e318       0x2c zephyr/subsys/net/ip/libsubsys__net__ip.a(route_ipv4.c.obj)
                0x0800e318                net_route_ipv4_get_nexthop
 .text.net_route_ipv4_init
                0x0800e344       0x18 zephyr/subsys/net/ip/libsubsys__net__ip.a(route_ipv4.c.obj)
                0x0800e344                net_route_ipv4_init
 .text.net_udp_finalize
                0x0800e35c       0xa4 zephyr/subsys/net/ip/libsubsys__net__ip.a(udp.c.obj)
                0x0800e35c                net_udp_finalize
 .text.net_udp_input
                0x0800e400       0x9c zephyr/subsys/net/ip/libsubsys__net__ip.a(udp.c.obj)
                0x0800e400                net_udp_input
 .text.net_route_table_init
                0x0800e49c       0x3c zephyr/subsys/net/ip/libsubsys__net__ip.a(route.c.obj)
                0x0800e49c                net_route_table_init
 .text.route_ipv6_notify_add
                0x0800e4d8       0x1c zephyr/subsys/net/ip/libsubsys__net__ip.a(route_ipv6.c.obj)
 .text.route_ipv6_notify_del
                0x0800e4f4       0x1c zephyr/subsys/net/ip/libsubsys__net__ip.a(route_ipv6.c.obj)
 .text.net_route_ipv6_lookup
                0x0800e510       0x20 zephyr/subsys/net/ip/libsubsys__net__ip.a(route_ipv6.c.obj)
                0x0800e510                net_route_ipv6_lookup
 .text.net_route_ipv6_add
                0x0800e530       0x6c zephyr/subsys/net/ip/libsubsys__net__ip.a(route_ipv6.c.obj)
                0x0800e530                net_route_ipv6_add
 .text.net_route_ipv6_del
                0x0800e59c        0xc zephyr/subsys/net/ip/libsubsys__net__ip.a(route_ipv6.c.obj)
                0x0800e59c                net_route_ipv6_del
 .text.net_route_ipv6_del_by_nexthop
                0x0800e5a8       0x20 zephyr/subsys/net/ip/libsubsys__net__ip.a(route_ipv6.c.obj)
                0x0800e5a8                net_route_ipv6_del_by_nexthop
 .text.net_route_ipv6_get_nexthop
                0x0800e5c8       0x20 zephyr/subsys/net/ip/libsubsys__net__ip.a(route_ipv6.c.obj)
                0x0800e5c8                net_route_ipv6_get_nexthop
 .text.net_route_ipv6_init
                0x0800e5e8       0x18 zephyr/subsys/net/ip/libsubsys__net__ip.a(route_ipv6.c.obj)
                0x0800e5e8                net_route_ipv6_init
 .text.services_notify_ready
                0x0800e600       0x28 zephyr/subsys/net/lib/config/libsubsys__net__lib__config.a(init.c.obj)
 .text.ipv6_event_handler
                0x0800e628       0x98 zephyr/subsys/net/lib/config/libsubsys__net__lib__config.a(init.c.obj)
 .text.iface_up_handler
                0x0800e6c0       0x2c zephyr/subsys/net/lib/config/libsubsys__net__lib__config.a(init.c.obj)
 .text.net_config_init_by_iface
                0x0800e6ec      0x1c8 zephyr/subsys/net/lib/config/libsubsys__net__lib__config.a(init.c.obj)
                0x0800e6ec                net_config_init_by_iface
 .text.net_config_init_app
                0x0800e8b4       0x38 zephyr/subsys/net/lib/config/libsubsys__net__lib__config.a(init.c.obj)
                0x0800e8b4                net_config_init_app
 .text.init_app
                0x0800e8ec       0x14 zephyr/subsys/net/lib/config/libsubsys__net__lib__config.a(init.c.obj)
 .text.stm32_exti_init
                0x0800e900       0x2c zephyr/drivers/interrupt_controller/libdrivers__interrupt_controller.a(intc_exti_stm32.c.obj)
 .text.stm32_exti_is_pending
                0x0800e92c       0x3c zephyr/drivers/interrupt_controller/libdrivers__interrupt_controller.a(intc_exti_stm32.c.obj)
                0x0800e92c                stm32_exti_is_pending
 .text.stm32_exti_clear_pending
                0x0800e968       0x3c zephyr/drivers/interrupt_controller/libdrivers__interrupt_controller.a(intc_exti_stm32.c.obj)
                0x0800e968                stm32_exti_clear_pending
 .text.stm32_fill_irq_table
                0x0800e9a4       0x18 zephyr/drivers/interrupt_controller/libdrivers__interrupt_controller.a(intc_gpio_stm32.c.obj)
 .text.stm32_intc_gpio_isr
                0x0800e9bc       0x4c zephyr/drivers/interrupt_controller/libdrivers__interrupt_controller.a(intc_gpio_stm32.c.obj)
 .text.stm32_gpio_intc_enable_line
                0x0800ea08       0x2c zephyr/drivers/interrupt_controller/libdrivers__interrupt_controller.a(intc_gpio_stm32.c.obj)
                0x0800ea08                stm32_gpio_intc_enable_line
 .text.stm32_gpio_intc_disable_line
                0x0800ea34       0x10 zephyr/drivers/interrupt_controller/libdrivers__interrupt_controller.a(intc_gpio_stm32.c.obj)
                0x0800ea34                stm32_gpio_intc_disable_line
 .text.stm32_gpio_intc_select_line_trigger
                0x0800ea44       0x50 zephyr/drivers/interrupt_controller/libdrivers__interrupt_controller.a(intc_gpio_stm32.c.obj)
                0x0800ea44                stm32_gpio_intc_select_line_trigger
 .text.stm32_gpio_intc_set_irq_callback
                0x0800ea94       0x40 zephyr/drivers/interrupt_controller/libdrivers__interrupt_controller.a(intc_gpio_stm32.c.obj)
                0x0800ea94                stm32_gpio_intc_set_irq_callback
 .text.stm32_gpio_intc_remove_irq_callback
                0x0800ead4       0x24 zephyr/drivers/interrupt_controller/libdrivers__interrupt_controller.a(intc_gpio_stm32.c.obj)
                0x0800ead4                stm32_gpio_intc_remove_irq_callback
 .text.stm32_exti_get_line_src_port
                0x0800eaf8       0x30 zephyr/drivers/interrupt_controller/libdrivers__interrupt_controller.a(intc_gpio_stm32.c.obj)
                0x0800eaf8                stm32_exti_get_line_src_port
 .text.adc_stm32_channel_setup
                0x0800eb28      0x15c zephyr/drivers/adc/libdrivers__adc.a(adc_stm32.c.obj)
 .text.adc_stm32_isr_18
                0x0800ec84       0xf0 zephyr/drivers/adc/libdrivers__adc.a(adc_stm32.c.obj)
 .text.adc_stm32_read_sync
                0x0800ed74      0x2f0 zephyr/drivers/adc/libdrivers__adc.a(adc_stm32.c.obj)
 .text.adc_stm32_init
                0x0800f064       0xf0 zephyr/drivers/adc/libdrivers__adc.a(adc_stm32.c.obj)
 .text.stm32_clock_control_get_subsys_rate
                0x0800f154       0xd8 zephyr/drivers/clock_control/libdrivers__clock_control.a(clock_stm32_ll_common.c.obj)
 .text.enabled_clock
                0x0800f22c       0x20 zephyr/drivers/clock_control/libdrivers__clock_control.a(clock_stm32_ll_common.c.obj)
                0x0800f22c                enabled_clock
 .text.stm32_clock_control_init
                0x0800f24c      0x144 zephyr/drivers/clock_control/libdrivers__clock_control.a(clock_stm32_ll_common.c.obj)
                0x0800f24c                stm32_clock_control_init
 .text.get_pllsrc_frequency
                0x0800f390        0x8 zephyr/drivers/clock_control/libdrivers__clock_control.a(clock_stm32f2_f4_f7.c.obj)
                0x0800f390                get_pllsrc_frequency
 .text.config_pll_sysclock
                0x0800f398       0x60 zephyr/drivers/clock_control/libdrivers__clock_control.a(clock_stm32f2_f4_f7.c.obj)
                0x0800f398                config_pll_sysclock
 .text.get_pllsaisrc_frequency
                0x0800f3f8        0x8 zephyr/drivers/clock_control/libdrivers__clock_control.a(clock_stm32f2_f4_f7.c.obj)
                0x0800f3f8                get_pllsaisrc_frequency
 .text.config_pllsai
                0x0800f400       0x44 zephyr/drivers/clock_control/libdrivers__clock_control.a(clock_stm32f2_f4_f7.c.obj)
                0x0800f400                config_pllsai
 .text.config_enable_default_clocks
                0x0800f444       0x20 zephyr/drivers/clock_control/libdrivers__clock_control.a(clock_stm32f2_f4_f7.c.obj)
                0x0800f444                config_enable_default_clocks
 .text.uart_console_init
                0x0800f464       0x28 zephyr/drivers/console/libdrivers__console.a(uart_console.c.obj)
 .text.console_out
                0x0800f48c       0x28 zephyr/drivers/console/libdrivers__console.a(uart_console.c.obj)
 .text.entropy_stm32_suspend.isra.0
                0x0800f4b4       0x24 zephyr/drivers/entropy/libdrivers__entropy.a(entropy_stm32.c.obj)
 .text.entropy_stm32_resume.isra.0
                0x0800f4d8       0x30 zephyr/drivers/entropy/libdrivers__entropy.a(entropy_stm32.c.obj)
 .text.start_pool_filling.isra.0
                0x0800f508       0x3c zephyr/drivers/entropy/libdrivers__entropy.a(entropy_stm32.c.obj)
 .text.entropy_stm32_rng_init
                0x0800f544      0x140 zephyr/drivers/entropy/libdrivers__entropy.a(entropy_stm32.c.obj)
 .text.rng_pool_get
                0x0800f684       0x90 zephyr/drivers/entropy/libdrivers__entropy.a(entropy_stm32.c.obj)
 .text.entropy_stm32_rng_get_entropy
                0x0800f714       0x50 zephyr/drivers/entropy/libdrivers__entropy.a(entropy_stm32.c.obj)
 .text.random_sample_get
                0x0800f764       0x60 zephyr/drivers/entropy/libdrivers__entropy.a(entropy_stm32.c.obj)
 .text.entropy_stm32_rng_get_entropy_isr
                0x0800f7c4       0xe0 zephyr/drivers/entropy/libdrivers__entropy.a(entropy_stm32.c.obj)
 .text.stm32_rng_isr
                0x0800f8a4       0xb8 zephyr/drivers/entropy/libdrivers__entropy.a(entropy_stm32.c.obj)
 .text.eth_stm32_hal_get_phy
                0x0800f95c        0xc zephyr/drivers/ethernet/libdrivers__ethernet.a(eth_stm32_hal_common.c.obj)
 .text.eth_iface_init
                0x0800f968       0xb8 zephyr/drivers/ethernet/libdrivers__ethernet.a(eth_stm32_hal_common.c.obj)
 .text.rx_thread
                0x0800fa20       0x54 zephyr/drivers/ethernet/libdrivers__ethernet.a(eth_stm32_hal_common.c.obj)
 .text.eth_initialize
                0x0800fa74      0x134 zephyr/drivers/ethernet/libdrivers__ethernet.a(eth_stm32_hal_common.c.obj)
 .text.allocate_tx_buffer
                0x0800fba8       0x2c zephyr/drivers/ethernet/libdrivers__ethernet.a(eth_stm32_hal_v2.c.obj)
 .text.HAL_ETH_RxAllocateCallback
                0x0800fbd4       0x40 zephyr/drivers/ethernet/libdrivers__ethernet.a(eth_stm32_hal_v2.c.obj)
                0x0800fbd4                HAL_ETH_RxAllocateCallback
 .text.HAL_ETH_RxLinkCallback
                0x0800fc14       0x30 zephyr/drivers/ethernet/libdrivers__ethernet.a(eth_stm32_hal_v2.c.obj)
                0x0800fc14                HAL_ETH_RxLinkCallback
 .text.HAL_ETH_TxFreeCallback
                0x0800fc44       0x1c zephyr/drivers/ethernet/libdrivers__ethernet.a(eth_stm32_hal_v2.c.obj)
                0x0800fc44                HAL_ETH_TxFreeCallback
 .text.eth_stm32_tx
                0x0800fc60      0x254 zephyr/drivers/ethernet/libdrivers__ethernet.a(eth_stm32_hal_v2.c.obj)
                0x0800fc60                eth_stm32_tx
 .text.eth_stm32_rx
                0x0800feb4       0xb4 zephyr/drivers/ethernet/libdrivers__ethernet.a(eth_stm32_hal_v2.c.obj)
                0x0800feb4                eth_stm32_rx
 .text.eth_stm32_hal_init
                0x0800ff68       0x9c zephyr/drivers/ethernet/libdrivers__ethernet.a(eth_stm32_hal_v2.c.obj)
                0x0800ff68                eth_stm32_hal_init
 .text.eth_stm32_set_mac_config
                0x08010004       0x7c zephyr/drivers/ethernet/libdrivers__ethernet.a(eth_stm32_hal_v2.c.obj)
                0x08010004                eth_stm32_set_mac_config
 .text.eth_stm32_hal_start
                0x08010080       0x28 zephyr/drivers/ethernet/libdrivers__ethernet.a(eth_stm32_hal_v2.c.obj)
                0x08010080                eth_stm32_hal_start
 .text.check_autonegotiation_completion
                0x080100a8      0x188 zephyr/drivers/ethernet/libdrivers__ethernet.a(phy_mii.c.obj)
 .text.phy_mii_cfg_link
                0x08010230      0x1f8 zephyr/drivers/ethernet/libdrivers__ethernet.a(phy_mii.c.obj)
 .text.phy_mii_init
                0x08010428      0x178 zephyr/drivers/ethernet/libdrivers__ethernet.a(phy_mii.c.obj)
 .text.monitor_work_handler
                0x080105a0      0x1c8 zephyr/drivers/ethernet/libdrivers__ethernet.a(phy_mii.c.obj)
 .text.gpio_stm32_pin_interrupt_configure
                0x08010768       0xac zephyr/drivers/gpio/libdrivers__gpio.a(gpio_stm32.c.obj)
 .text.z_impl_hwinfo_get_device_id
                0x08010814       0x38 zephyr/drivers/hwinfo/libdrivers__hwinfo.a(hwinfo_stm32.c.obj)
                0x08010814                z_impl_hwinfo_get_device_id
 .text.pwm_stm32_set_cycles
                0x0801084c      0x2f8 zephyr/drivers/pwm/libdrivers__pwm.a(pwm_stm32.c.obj)
 .text.pwm_stm32_init
                0x08010b44      0x2c4 zephyr/drivers/pwm/libdrivers__pwm.a(pwm_stm32.c.obj)
 .text.uart_stm32_irq_err_enable
                0x08010e08       0x78 zephyr/drivers/serial/libdrivers__serial.a(uart_stm32.c.obj)
 .text.uart_stm32_irq_err_disable
                0x08010e80       0x78 zephyr/drivers/serial/libdrivers__serial.a(uart_stm32.c.obj)
 .text.uart_stm32_set_baudrate
                0x08010ef8       0xb0 zephyr/drivers/serial/libdrivers__serial.a(uart_stm32.c.obj)
 .text.uart_stm32_parameters_set
                0x08010fa8      0x144 zephyr/drivers/serial/libdrivers__serial.a(uart_stm32.c.obj)
 .text.uart_stm32_init
                0x080110ec      0x1e0 zephyr/drivers/serial/libdrivers__serial.a(uart_stm32.c.obj)
 .text.uart_stm32_configure
                0x080112cc      0x11c zephyr/drivers/serial/libdrivers__serial.a(uart_stm32.c.obj)
 .text.elapsed  0x080113e8       0x44 zephyr/drivers/timer/libdrivers__timer.a(cortex_m_systick.c.obj)
 .text.sys_clock_driver_init
                0x0801142c       0x34 zephyr/drivers/timer/libdrivers__timer.a(cortex_m_systick.c.obj)
 .text.sys_clock_isr
                0x08011460       0x70 zephyr/drivers/timer/libdrivers__timer.a(cortex_m_systick.c.obj)
                0x08011460                sys_clock_isr
 .text.sys_clock_set_timeout
                0x080114d0       0xf0 zephyr/drivers/timer/libdrivers__timer.a(cortex_m_systick.c.obj)
                0x080114d0                sys_clock_set_timeout
 .text.sys_clock_elapsed
                0x080115c0       0x2c zephyr/drivers/timer/libdrivers__timer.a(cortex_m_systick.c.obj)
                0x080115c0                sys_clock_elapsed
 .text.sys_clock_cycle_get_32
                0x080115ec       0x20 zephyr/drivers/timer/libdrivers__timer.a(cortex_m_systick.c.obj)
                0x080115ec                sys_clock_cycle_get_32
 .text.HAL_RCC_GetSysClockFreq
                0x0801160c       0x5c modules/hal_stm32/stm32cube/lib..__modules__hal__stm32__stm32cube.a(stm32f7xx_hal_rcc.c.obj)
                0x0801160c                HAL_RCC_GetSysClockFreq
 .text.HAL_RCC_GetHCLKFreq
                0x08011668        0xc modules/hal_stm32/stm32cube/lib..__modules__hal__stm32__stm32cube.a(stm32f7xx_hal_rcc.c.obj)
                0x08011668                HAL_RCC_GetHCLKFreq
 .text.ETH_Prepare_Tx_Descriptors
                0x08011674      0x168 modules/hal_stm32/stm32cube/lib..__modules__hal__stm32__stm32cube.a(stm32f7xx_hal_eth.c.obj)
 .text.ETH_SetMACConfig
                0x080117dc       0xf0 modules/hal_stm32/stm32cube/lib..__modules__hal__stm32__stm32cube.a(stm32f7xx_hal_eth.c.obj)
 .text.ETH_SetDMAConfig
                0x080118cc       0xb4 modules/hal_stm32/stm32cube/lib..__modules__hal__stm32__stm32cube.a(stm32f7xx_hal_eth.c.obj)
 .text.HAL_ETH_Init
                0x08011980      0x220 modules/hal_stm32/stm32cube/lib..__modules__hal__stm32__stm32cube.a(stm32f7xx_hal_eth.c.obj)
                0x08011980                HAL_ETH_Init
 .text.HAL_ETH_IRQHandler
                0x08011ba0       0xdc modules/hal_stm32/stm32cube/lib..__modules__hal__stm32__stm32cube.a(stm32f7xx_hal_eth.c.obj)
                0x08011ba0                HAL_ETH_IRQHandler
 .text.HAL_ETH_SetMDIOClockRange
                0x08011c7c       0x54 modules/hal_stm32/stm32cube/lib..__modules__hal__stm32__stm32cube.a(stm32f7xx_hal_eth.c.obj)
                0x08011c7c                HAL_ETH_SetMDIOClockRange
 .text.HAL_ETH_SetMACFilterConfig
                0x08011cd0       0x70 modules/hal_stm32/stm32cube/lib..__modules__hal__stm32__stm32cube.a(stm32f7xx_hal_eth.c.obj)
                0x08011cd0                HAL_ETH_SetMACFilterConfig
 .text.LL_SetFlashLatency
                0x08011d40       0xf4 modules/hal_stm32/stm32cube/lib..__modules__hal__stm32__stm32cube.a(stm32f7xx_ll_utils.c.obj)
                0x08011d40                LL_SetFlashLatency
 .text.z_device_get_all_static
                0x08011e34       0x14 zephyr/kernel/libkernel.a(device.c.obj)
                0x08011e34                z_device_get_all_static
 .text.k_sys_fatal_error_handler
                0x08011e48       0x28 zephyr/kernel/libkernel.a(fatal.c.obj)
                0x08011e48                k_sys_fatal_error_handler
 .text.z_fatal_error
                0x08011e70      0x114 zephyr/kernel/libkernel.a(fatal.c.obj)
                0x08011e70                z_fatal_error
 .text.z_sys_init_run_level
                0x08011f84       0x30 zephyr/kernel/libkernel.a(init.c.obj)
 .text.bg_thread_main
                0x08011fb4       0xb8 zephyr/kernel/libkernel.a(init.c.obj)
 .text.z_init_cpu
                0x0801206c       0x70 zephyr/kernel/libkernel.a(init.c.obj)
                0x0801206c                z_init_cpu
 .text.z_cstart
                0x080120dc       0xc8 zephyr/kernel/libkernel.a(init.c.obj)
                0x080120dc                z_cstart
 .text.statics_init
                0x080121a4       0x24 zephyr/kernel/libkernel.a(kheap.c.obj)
 .text.k_heap_alloc
                0x080121c8       0x1c zephyr/kernel/libkernel.a(kheap.c.obj)
                0x080121c8                k_heap_alloc
 .text.init_mem_slab_obj_core_list
                0x080121e4       0x28 zephyr/kernel/libkernel.a(mem_slab.c.obj)
 .text.k_mem_slab_alloc
                0x0801220c       0x5c zephyr/kernel/libkernel.a(mem_slab.c.obj)
                0x0801220c                k_mem_slab_alloc
 .text.put_msg_in_queue
                0x08012268       0xf0 zephyr/kernel/libkernel.a(msg_q.c.obj)
 .text.z_impl_k_msgq_get
                0x08012358       0xd8 zephyr/kernel/libkernel.a(msg_q.c.obj)
                0x08012358                z_impl_k_msgq_get
 .text.z_impl_k_mutex_lock
                0x08012430       0xe4 zephyr/kernel/libkernel.a(mutex.c.obj)
                0x08012430                z_impl_k_mutex_lock
 .text.z_impl_k_mutex_unlock
                0x08012514       0xa0 zephyr/kernel/libkernel.a(mutex.c.obj)
                0x08012514                z_impl_k_mutex_unlock
 .text.z_impl_k_queue_get
                0x080125b4       0x6c zephyr/kernel/libkernel.a(queue.c.obj)
                0x080125b4                z_impl_k_queue_get
 .text.z_impl_k_sem_give
                0x08012620       0x50 zephyr/kernel/libkernel.a(sem.c.obj)
                0x08012620                z_impl_k_sem_give
 .text.z_impl_k_sem_take
                0x08012670       0x4c zephyr/kernel/libkernel.a(sem.c.obj)
                0x08012670                z_impl_k_sem_take
 .text.z_impl_k_sem_reset
                0x080126bc       0x50 zephyr/kernel/libkernel.a(sem.c.obj)
                0x080126bc                z_impl_k_sem_reset
 .text.work_queue_main
                0x0801270c      0x160 zephyr/kernel/libkernel.a(work.c.obj)
 .text.submit_to_queue_locked
                0x0801286c       0xa4 zephyr/kernel/libkernel.a(work.c.obj)
 .text.k_work_submit
                0x08012910        0xc zephyr/kernel/libkernel.a(work.c.obj)
                0x08012910                k_work_submit
 .text.k_work_queue_start
                0x0801291c       0x80 zephyr/kernel/libkernel.a(work.c.obj)
                0x0801291c                k_work_queue_start
 .text.k_work_schedule_for_queue
                0x0801299c       0x54 zephyr/kernel/libkernel.a(work.c.obj)
                0x0801299c                k_work_schedule_for_queue
 .text.k_work_schedule
                0x080129f0        0xc zephyr/kernel/libkernel.a(work.c.obj)
                0x080129f0                k_work_schedule
 .text.k_work_reschedule_for_queue
                0x080129fc       0x64 zephyr/kernel/libkernel.a(work.c.obj)
                0x080129fc                k_work_reschedule_for_queue
 .text.k_work_reschedule
                0x08012a60        0xc zephyr/kernel/libkernel.a(work.c.obj)
                0x08012a60                k_work_reschedule
 .text.z_impl_k_condvar_signal
                0x08012a6c       0x34 zephyr/kernel/libkernel.a(condvar.c.obj)
                0x08012a6c                z_impl_k_condvar_signal
 .text.z_impl_k_condvar_wait
                0x08012aa0       0x58 zephyr/kernel/libkernel.a(condvar.c.obj)
                0x08012aa0                z_impl_k_condvar_wait
 .text.z_impl_k_thread_name_set
                0x08012af8       0x20 zephyr/kernel/libkernel.a(thread.c.obj)
                0x08012af8                z_impl_k_thread_name_set
 .text.k_thread_state_str
                0x08012b18       0x7c zephyr/kernel/libkernel.a(thread.c.obj)
                0x08012b18                k_thread_state_str
 .text.z_dummy_thread_init
                0x08012b94       0x20 zephyr/kernel/libkernel.a(thread.c.obj)
                0x08012b94                z_dummy_thread_init
 .text.z_impl_k_thread_suspend
                0x08012bb4       0x40 zephyr/kernel/libkernel.a(thread.c.obj)
                0x08012bb4                z_impl_k_thread_suspend
 .text.z_impl_k_thread_resume
                0x08012bf4       0x3c zephyr/kernel/libkernel.a(thread.c.obj)
                0x08012bf4                z_impl_k_thread_resume
 .text.z_impl_k_wakeup
                0x08012c30       0x48 zephyr/kernel/libkernel.a(thread.c.obj)
                0x08012c30                z_impl_k_wakeup
 .text.z_impl_k_thread_create
                0x08012c78       0x58 zephyr/kernel/libkernel.a(thread.c.obj)
                0x08012c78                z_impl_k_thread_create
 .text.k_can_yield
                0x08012cd0       0x30 zephyr/kernel/libkernel.a(thread.c.obj)
                0x08012cd0                k_can_yield
 .text.z_swap_irqlock
                0x08012d00       0x34 zephyr/kernel/libkernel.a(sched.c.obj)
 .text.unready_thread
                0x08012d34       0x54 zephyr/kernel/libkernel.a(sched.c.obj)
 .text.ready_thread
                0x08012d88       0x80 zephyr/kernel/libkernel.a(sched.c.obj)
 .text.reschedule.isra.0
                0x08012e08       0x28 zephyr/kernel/libkernel.a(sched.c.obj)
 .text.move_current_to_end_of_prio_q
                0x08012e30       0x6c zephyr/kernel/libkernel.a(sched.c.obj)
                0x08012e30                move_current_to_end_of_prio_q
 .text.z_thread_halt
                0x08012e9c      0x148 zephyr/kernel/libkernel.a(sched.c.obj)
                0x08012e9c                z_thread_halt
 .text.z_sched_lock_reschedule
                0x08012fe4       0x44 zephyr/kernel/libkernel.a(sched.c.obj)
                0x08012fe4                z_sched_lock_reschedule
 .text.z_sched_yield
                0x08013028       0x84 zephyr/kernel/libkernel.a(sched.c.obj)
                0x08013028                z_sched_yield
 .text.z_pend_curr
                0x080130ac       0x58 zephyr/kernel/libkernel.a(sched.c.obj)
                0x080130ac                z_pend_curr
 .text.z_thread_prio_set
                0x08013104       0xd8 zephyr/kernel/libkernel.a(sched.c.obj)
                0x08013104                z_thread_prio_set
 .text.z_reschedule_irqlock
                0x080131dc       0x28 zephyr/kernel/libkernel.a(sched.c.obj)
                0x080131dc                z_reschedule_irqlock
 .text.z_thread_suspend_current
                0x08013204       0x4c zephyr/kernel/libkernel.a(sched.c.obj)
                0x08013204                z_thread_suspend_current
 .text.z_tick_sleep
                0x08013250       0x84 zephyr/kernel/libkernel.a(sleep.c.obj)
 .text.z_sched_init
                0x080132d4       0x10 zephyr/kernel/libkernel.a(scheduler.c.obj)
                0x080132d4                z_sched_init
 .text.k_sched_lock
                0x080132e4       0x28 zephyr/kernel/libkernel.a(scheduler.c.obj)
                0x080132e4                k_sched_lock
 .text.k_sched_unlock
                0x0801330c       0x20 zephyr/kernel/libkernel.a(scheduler.c.obj)
                0x0801330c                k_sched_unlock
 .text.z_impl_k_sched_current_thread_query
                0x0801332c        0xc zephyr/kernel/libkernel.a(scheduler.c.obj)
                0x0801332c                z_impl_k_sched_current_thread_query
 .text.z_sched_wait
                0x08013338       0x24 zephyr/kernel/libkernel.a(scheduler.c.obj)
                0x08013338                z_sched_wait
 .text.z_time_slice_size
                0x0801335c       0x40 zephyr/kernel/libkernel.a(timeslicing.c.obj)
 .text.slice_timeout
                0x0801339c       0x20 zephyr/kernel/libkernel.a(timeslicing.c.obj)
 .text.z_time_slice_reset
                0x080133bc       0x44 zephyr/kernel/libkernel.a(timeslicing.c.obj)
                0x080133bc                z_time_slice_reset
 .text.z_time_slice
                0x08013400       0x5c zephyr/kernel/libkernel.a(timeslicing.c.obj)
                0x08013400                z_time_slice
 .text.z_thread_monitor_exit
                0x0801345c       0x3c zephyr/kernel/libkernel.a(thread_monitor.c.obj)
                0x0801345c                z_thread_monitor_exit
 .text.k_thread_foreach
                0x08013498       0x34 zephyr/kernel/libkernel.a(thread_monitor.c.obj)
                0x08013498                k_thread_foreach
 .text.k_thread_foreach_unlocked
                0x080134cc       0x48 zephyr/kernel/libkernel.a(thread_monitor.c.obj)
                0x080134cc                k_thread_foreach_unlocked
 .text.first    0x08013514       0x10 zephyr/kernel/libkernel.a(timeout.c.obj)
 .text.elapsed  0x08013524       0x10 zephyr/kernel/libkernel.a(timeout.c.obj)
 .text.timeout_rem
                0x08013534       0x30 zephyr/kernel/libkernel.a(timeout.c.obj)
 .text.z_add_timeout
                0x08013564      0x130 zephyr/kernel/libkernel.a(timeout.c.obj)
                0x08013564                z_add_timeout
 .text.z_try_abort_timeout
                0x08013694       0x84 zephyr/kernel/libkernel.a(timeout.c.obj)
                0x08013694                z_try_abort_timeout
 .text.z_timeout_inflight_superseded
                0x08013718       0x2c zephyr/kernel/libkernel.a(timeout.c.obj)
                0x08013718                z_timeout_inflight_superseded
 .text.sys_clock_announce_locked
                0x08013744       0xd4 zephyr/kernel/libkernel.a(timeout.c.obj)
                0x08013744                sys_clock_announce_locked
 .text.sys_clock_tick_get
                0x08013818       0x30 zephyr/kernel/libkernel.a(timeout.c.obj)
                0x08013818                sys_clock_tick_get
 .text.z_timer_expiration_handler
                0x08013848       0xf0 zephyr/kernel/libkernel.a(timer.c.obj)
                0x08013848                z_timer_expiration_handler
 .text.z_impl_k_timer_start
                0x08013938       0x4c zephyr/kernel/libkernel.a(timer.c.obj)
                0x08013938                z_impl_k_timer_start
 .text.z_impl_k_timer_stop
                0x08013984       0x60 zephyr/kernel/libkernel.a(timer.c.obj)
                0x08013984                z_impl_k_timer_stop